[    0.000000] Linux version 5.18.7-zen1-1-zen (linux-zen@archlinux) (gcc (GCC) 12.1.0, GNU ld (GNU Binutils) 2.38) #1 ZEN SMP PREEMPT_DYNAMIC Sat, 25 Jun 2022 20:22:03 +0000
[    0.000000] Command line: BOOT_IMAGE=/@/boot/vmlinuz-linux-zen root=UUID=0790d929-6ec0-4122-ba64-376f68bbf67b rw rootflags=subvol=@ cryptdevice=UUID=3cfb44c0-125f-43e8-b616-07b989a61644:luks-3cfb44c0-125f-43e8-b616-07b989a61644 root=/dev/mapper/luks-3cfb44c0-125f-43e8-b616-07b989a61644 loglevel=3 nowatchdog nvme_load=YES nvidia-drm.modeset=1
[    0.000000] x86/fpu: Supporting XSAVE feature 0x001: 'x87 floating point registers'
[    0.000000] x86/fpu: Supporting XSAVE feature 0x002: 'SSE registers'
[    0.000000] x86/fpu: Supporting XSAVE feature 0x004: 'AVX registers'
[    0.000000] x86/fpu: xstate_offset[2]:  576, xstate_sizes[2]:  256
[    0.000000] x86/fpu: Enabled xstate features 0x7, context size is 832 bytes, using 'compacted' format.
[    0.000000] signal: max sigframe size: 1776
[    0.000000] BIOS-provided physical RAM map:
[    0.000000] BIOS-e820: [mem 0x0000000000000000-0x000000000009ffff] usable
[    0.000000] BIOS-e820: [mem 0x00000000000a0000-0x00000000000fffff] reserved
[    0.000000] BIOS-e820: [mem 0x0000000000100000-0x0000000009bfefff] usable
[    0.000000] BIOS-e820: [mem 0x0000000009bff000-0x0000000009ffffff] reserved
[    0.000000] BIOS-e820: [mem 0x000000000a000000-0x000000000a1fffff] usable
[    0.000000] BIOS-e820: [mem 0x000000000a200000-0x000000000a20cfff] ACPI NVS
[    0.000000] BIOS-e820: [mem 0x000000000a20d000-0x00000000aafecfff] usable
[    0.000000] BIOS-e820: [mem 0x00000000aafed000-0x00000000ac4f3fff] reserved
[    0.000000] BIOS-e820: [mem 0x00000000ac4f4000-0x00000000ac53cfff] ACPI data
[    0.000000] BIOS-e820: [mem 0x00000000ac53d000-0x00000000ac57ffff] ACPI NVS
[    0.000000] BIOS-e820: [mem 0x00000000ac580000-0x00000000ac580fff] reserved
[    0.000000] BIOS-e820: [mem 0x00000000ac581000-0x00000000ac778fff] ACPI NVS
[    0.000000] BIOS-e820: [mem 0x00000000ac779000-0x00000000ad17bfff] reserved
[    0.000000] BIOS-e820: [mem 0x00000000ad17c000-0x00000000ad1fefff] type 20
[    0.000000] BIOS-e820: [mem 0x00000000ad1ff000-0x00000000adffffff] usable
[    0.000000] BIOS-e820: [mem 0x00000000ae000000-0x00000000afffffff] reserved
[    0.000000] BIOS-e820: [mem 0x00000000f0000000-0x00000000f7ffffff] reserved
[    0.000000] BIOS-e820: [mem 0x00000000fd000000-0x00000000ffffffff] reserved
[    0.000000] BIOS-e820: [mem 0x0000000100000000-0x000000042f33ffff] usable
[    0.000000] BIOS-e820: [mem 0x000000042f340000-0x00000004701fffff] reserved
[    0.000000] NX (Execute Disable) protection: active
[    0.000000] efi: EFI v2.70 by American Megatrends
[    0.000000] efi: ACPI=0xac6f1000 ACPI 2.0=0xac6f1014 TPMFinalLog=0xac6c0000 SMBIOS=0xad018000 SMBIOS 3.0=0xad017000 MEMATTR=0xa7ecd518 ESRT=0xa995ef18 
[    0.000000] SMBIOS 3.2.0 present.
[    0.000000] DMI: TUXEDO TUXEDO Polaris 17 AMD Gen1/POLARIS1701A1650TI, BIOS N.1.20.A03 12/10/2020
[    0.000000] tsc: Fast TSC calibration using PIT
[    0.000000] tsc: Detected 2994.451 MHz processor
[    0.000128] e820: update [mem 0x00000000-0x00000fff] usable ==> reserved
[    0.000130] e820: remove [mem 0x000a0000-0x000fffff] usable
[    0.000135] last_pfn = 0x42f340 max_arch_pfn = 0x400000000
[    0.000374] x86/PAT: Configuration [0-7]: WB  WC  UC- UC  WB  WP  UC- WT  
[    0.000562] e820: update [mem 0xb0000000-0xffffffff] usable ==> reserved
[    0.000571] last_pfn = 0xae000 max_arch_pfn = 0x400000000
[    0.003890] esrt: Reserving ESRT space from 0x00000000a995ef18 to 0x00000000a995ef50.
[    0.003900] e820: update [mem 0xa995e000-0xa995efff] usable ==> reserved
[    0.003938] Using GB pages for direct mapping
[    0.004271] Secure boot disabled
[    0.004272] RAMDISK: [mem 0x365ed000-0x372edfff]
[    0.004275] ACPI: Early table checksum verification disabled
[    0.004279] ACPI: RSDP 0x00000000AC6F1014 000024 (v02 ALASKA)
[    0.004282] ACPI: XSDT 0x00000000AC6F0728 0000E4 (v01 ALASKA A M I    01072009 AMI  01000013)
[    0.004287] ACPI: FACP 0x00000000AC533000 000114 (v06 ALASKA A M I    01072009 AMI  00010013)
[    0.004291] ACPI: DSDT 0x00000000AC52A000 008763 (v02 ALASKA A M I    01072009 INTL 20120913)
[    0.004293] ACPI: FACS 0x00000000AC6BE000 000040
[    0.004295] ACPI: SSDT 0x00000000AC535000 007216 (v02 AMD    AmdTable 00000002 MSFT 04000000)
[    0.004298] ACPI: IVRS 0x00000000AC534000 0001A4 (v02 AMD    AmdTable 00000001 AMD  00000000)
[    0.004300] ACPI: FIDT 0x00000000AC529000 00009C (v01 ALASKA A M I    01072009 AMI  00010013)
[    0.004302] ACPI: MCFG 0x00000000AC528000 00003C (v01 ALASKA A M I    01072009 MSFT 00010013)
[    0.004304] ACPI: HPET 0x00000000AC527000 000038 (v01 ALASKA A M I    01072009 AMI  00000005)
[    0.004306] ACPI: SSDT 0x00000000AC526000 000228 (v01 AMD    STD3     00000001 INTL 20120913)
[    0.004308] ACPI: VFCT 0x00000000AC518000 00D484 (v01 ALASKA A M I    00000001 AMD  31504F47)
[    0.004310] ACPI: BGRT 0x00000000AC517000 000038 (v01 ALASKA A M I    01072009 AMI  00010013)
[    0.004313] ACPI: TPM2 0x00000000AC516000 00004C (v04 ALASKA A M I    00000001 AMI  00000000)
[    0.004315] ACPI: SSDT 0x00000000AC513000 002B80 (v01 AMD    AmdTable 00000001 AMD  00000001)
[    0.004317] ACPI: CRAT 0x00000000AC512000 000BA8 (v01 AMD    AmdTable 00000001 AMD  00000001)
[    0.004319] ACPI: CDIT 0x00000000AC511000 000029 (v01 AMD    AmdTable 00000001 AMD  00000001)
[    0.004321] ACPI: SSDT 0x00000000AC510000 000139 (v01 AMD    AmdTable 00000001 INTL 20120913)
[    0.004323] ACPI: SSDT 0x00000000AC50F000 0000B9 (v01 AMD    AmdTable 00000001 INTL 20120913)
[    0.004325] ACPI: SSDT 0x00000000AC50E000 00028D (v01 AMD    AmdTable 00000001 INTL 20120913)
[    0.004327] ACPI: SSDT 0x00000000AC50D000 000C78 (v01 AMD    AmdTable 00000001 INTL 20120913)
[    0.004329] ACPI: SSDT 0x00000000AC50B000 0010A5 (v01 AMD    AmdTable 00000001 INTL 20120913)
[    0.004331] ACPI: SSDT 0x00000000AC50A000 000A1B (v01 OptRef Nv18dGPU 00000001 INTL 20120913)
[    0.004333] ACPI: SSDT 0x00000000AC506000 0030C8 (v01 AMD    AmdTable 00000001 INTL 20120913)
[    0.004335] ACPI: WSMT 0x00000000AC505000 000028 (v01 ALASKA A M I    01072009 AMI  00010013)
[    0.004337] ACPI: APIC 0x00000000AC504000 0000DE (v03 ALASKA A M I    01072009 AMI  00010013)
[    0.004339] ACPI: SSDT 0x00000000AC503000 000517 (v01 AMD    AmdTable 00000001 INTL 20120913)
[    0.004341] ACPI: FPDT 0x00000000AC502000 000044 (v01 ALASKA A M I    01072009 AMI  01000013)
[    0.004343] ACPI: Reserving FACP table memory at [mem 0xac533000-0xac533113]
[    0.004344] ACPI: Reserving DSDT table memory at [mem 0xac52a000-0xac532762]
[    0.004345] ACPI: Reserving FACS table memory at [mem 0xac6be000-0xac6be03f]
[    0.004346] ACPI: Reserving SSDT table memory at [mem 0xac535000-0xac53c215]
[    0.004346] ACPI: Reserving IVRS table memory at [mem 0xac534000-0xac5341a3]
[    0.004347] ACPI: Reserving FIDT table memory at [mem 0xac529000-0xac52909b]
[    0.004348] ACPI: Reserving MCFG table memory at [mem 0xac528000-0xac52803b]
[    0.004348] ACPI: Reserving HPET table memory at [mem 0xac527000-0xac527037]
[    0.004349] ACPI: Reserving SSDT table memory at [mem 0xac526000-0xac526227]
[    0.004349] ACPI: Reserving VFCT table memory at [mem 0xac518000-0xac525483]
[    0.004350] ACPI: Reserving BGRT table memory at [mem 0xac517000-0xac517037]
[    0.004351] ACPI: Reserving TPM2 table memory at [mem 0xac516000-0xac51604b]
[    0.004351] ACPI: Reserving SSDT table memory at [mem 0xac513000-0xac515b7f]
[    0.004352] ACPI: Reserving CRAT table memory at [mem 0xac512000-0xac512ba7]
[    0.004353] ACPI: Reserving CDIT table memory at [mem 0xac511000-0xac511028]
[    0.004353] ACPI: Reserving SSDT table memory at [mem 0xac510000-0xac510138]
[    0.004354] ACPI: Reserving SSDT table memory at [mem 0xac50f000-0xac50f0b8]
[    0.004355] ACPI: Reserving SSDT table memory at [mem 0xac50e000-0xac50e28c]
[    0.004355] ACPI: Reserving SSDT table memory at [mem 0xac50d000-0xac50dc77]
[    0.004356] ACPI: Reserving SSDT table memory at [mem 0xac50b000-0xac50c0a4]
[    0.004357] ACPI: Reserving SSDT table memory at [mem 0xac50a000-0xac50aa1a]
[    0.004357] ACPI: Reserving SSDT table memory at [mem 0xac506000-0xac5090c7]
[    0.004358] ACPI: Reserving WSMT table memory at [mem 0xac505000-0xac505027]
[    0.004359] ACPI: Reserving APIC table memory at [mem 0xac504000-0xac5040dd]
[    0.004359] ACPI: Reserving SSDT table memory at [mem 0xac503000-0xac503516]
[    0.004360] ACPI: Reserving FPDT table memory at [mem 0xac502000-0xac502043]
[    0.004409] No NUMA configuration found
[    0.004410] Faking a node at [mem 0x0000000000000000-0x000000042f33ffff]
[    0.004413] NODE_DATA(0) allocated [mem 0x42f33c000-0x42f33ffff]
[    0.004440] Zone ranges:
[    0.004440]   DMA      [mem 0x0000000000001000-0x0000000000ffffff]
[    0.004442]   DMA32    [mem 0x0000000001000000-0x00000000ffffffff]
[    0.004443]   Normal   [mem 0x0000000100000000-0x000000042f33ffff]
[    0.004444]   Device   empty
[    0.004445] Movable zone start for each node
[    0.004445] Early memory node ranges
[    0.004446]   node   0: [mem 0x0000000000001000-0x000000000009ffff]
[    0.004447]   node   0: [mem 0x0000000000100000-0x0000000009bfefff]
[    0.004447]   node   0: [mem 0x000000000a000000-0x000000000a1fffff]
[    0.004448]   node   0: [mem 0x000000000a20d000-0x00000000aafecfff]
[    0.004449]   node   0: [mem 0x00000000ad1ff000-0x00000000adffffff]
[    0.004450]   node   0: [mem 0x0000000100000000-0x000000042f33ffff]
[    0.004451] Initmem setup node 0 [mem 0x0000000000001000-0x000000042f33ffff]
[    0.004455] On node 0, zone DMA: 1 pages in unavailable ranges
[    0.004477] On node 0, zone DMA: 96 pages in unavailable ranges
[    0.004676] On node 0, zone DMA32: 1025 pages in unavailable ranges
[    0.011069] On node 0, zone DMA32: 13 pages in unavailable ranges
[    0.011207] On node 0, zone DMA32: 8722 pages in unavailable ranges
[    0.044553] On node 0, zone Normal: 8192 pages in unavailable ranges
[    0.044591] On node 0, zone Normal: 3264 pages in unavailable ranges
[    0.045087] ACPI: PM-Timer IO Port: 0x808
[    0.045095] ACPI: LAPIC_NMI (acpi_id[0xff] high edge lint[0x1])
[    0.045107] IOAPIC[0]: apic_id 13, version 33, address 0xfec00000, GSI 0-23
[    0.045112] IOAPIC[1]: apic_id 14, version 33, address 0xfec01000, GSI 24-55
[    0.045114] ACPI: INT_SRC_OVR (bus 0 bus_irq 0 global_irq 2 dfl dfl)
[    0.045116] ACPI: INT_SRC_OVR (bus 0 bus_irq 9 global_irq 9 low level)
[    0.045118] ACPI: Using ACPI (MADT) for SMP configuration information
[    0.045119] ACPI: HPET id: 0x10228201 base: 0xfed00000
[    0.045133] e820: update [mem 0xa76f9000-0xa7774fff] usable ==> reserved
[    0.045142] smpboot: Allowing 16 CPUs, 4 hotplug CPUs
[    0.045163] PM: hibernation: Registered nosave memory: [mem 0x00000000-0x00000fff]
[    0.045164] PM: hibernation: Registered nosave memory: [mem 0x000a0000-0x000fffff]
[    0.045166] PM: hibernation: Registered nosave memory: [mem 0x09bff000-0x09ffffff]
[    0.045167] PM: hibernation: Registered nosave memory: [mem 0x0a200000-0x0a20cfff]
[    0.045168] PM: hibernation: Registered nosave memory: [mem 0xa76f9000-0xa7774fff]
[    0.045170] PM: hibernation: Registered nosave memory: [mem 0xa995e000-0xa995efff]
[    0.045171] PM: hibernation: Registered nosave memory: [mem 0xaafed000-0xac4f3fff]
[    0.045172] PM: hibernation: Registered nosave memory: [mem 0xac4f4000-0xac53cfff]
[    0.045172] PM: hibernation: Registered nosave memory: [mem 0xac53d000-0xac57ffff]
[    0.045173] PM: hibernation: Registered nosave memory: [mem 0xac580000-0xac580fff]
[    0.045173] PM: hibernation: Registered nosave memory: [mem 0xac581000-0xac778fff]
[    0.045174] PM: hibernation: Registered nosave memory: [mem 0xac779000-0xad17bfff]
[    0.045174] PM: hibernation: Registered nosave memory: [mem 0xad17c000-0xad1fefff]
[    0.045176] PM: hibernation: Registered nosave memory: [mem 0xae000000-0xafffffff]
[    0.045176] PM: hibernation: Registered nosave memory: [mem 0xb0000000-0xefffffff]
[    0.045177] PM: hibernation: Registered nosave memory: [mem 0xf0000000-0xf7ffffff]
[    0.045177] PM: hibernation: Registered nosave memory: [mem 0xf8000000-0xfcffffff]
[    0.045178] PM: hibernation: Registered nosave memory: [mem 0xfd000000-0xffffffff]
[    0.045179] [mem 0xb0000000-0xefffffff] available for PCI devices
[    0.045180] Booting paravirtualized kernel on bare hardware
[    0.045183] clocksource: refined-jiffies: mask: 0xffffffff max_cycles: 0xffffffff, max_idle_ns: 1910969940391419 ns
[    0.049348] setup_percpu: NR_CPUS:320 nr_cpumask_bits:320 nr_cpu_ids:16 nr_node_ids:1
[    0.050128] percpu: Embedded 63 pages/cpu s221184 r8192 d28672 u262144
[    0.050136] pcpu-alloc: s221184 r8192 d28672 u262144 alloc=1*2097152
[    0.050138] pcpu-alloc: [0] 00 01 02 03 04 05 06 07 [0] 08 09 10 11 12 13 14 15 
[    0.050160] Fallback order for Node 0: 0 
[    0.050163] Built 1 zonelists, mobility grouping on.  Total pages: 3978603
[    0.050164] Policy zone: Normal
[    0.050165] Kernel command line: BOOT_IMAGE=/@/boot/vmlinuz-linux-zen root=UUID=0790d929-6ec0-4122-ba64-376f68bbf67b rw rootflags=subvol=@ cryptdevice=UUID=3cfb44c0-125f-43e8-b616-07b989a61644:luks-3cfb44c0-125f-43e8-b616-07b989a61644 root=/dev/mapper/luks-3cfb44c0-125f-43e8-b616-07b989a61644 loglevel=3 nowatchdog nvme_load=YES nvidia-drm.modeset=1
[    0.050244] Unknown kernel command line parameters "BOOT_IMAGE=/@/boot/vmlinuz-linux-zen cryptdevice=UUID=3cfb44c0-125f-43e8-b616-07b989a61644:luks-3cfb44c0-125f-43e8-b616-07b989a61644 nvme_load=YES", will be passed to user space.
[    0.052787] Dentry cache hash table entries: 2097152 (order: 12, 16777216 bytes, linear)
[    0.054124] Inode-cache hash table entries: 1048576 (order: 11, 8388608 bytes, linear)
[    0.054502] mem auto-init: stack:all(zero), heap alloc:on, heap free:off
[    0.116194] Memory: 15679804K/16167676K available (16391K kernel code, 2125K rwdata, 10948K rodata, 1880K init, 3180K bss, 487612K reserved, 0K cma-reserved)
[    0.117053] SLUB: HWalign=64, Order=0-3, MinObjects=0, CPUs=16, Nodes=1
[    0.117087] ftrace: allocating 42884 entries in 168 pages
[    0.122979] ftrace: allocated 168 pages with 3 groups
[    0.123078] Dynamic Preempt: full
[    0.123162] rcu: Preemptible hierarchical RCU implementation.
[    0.123163] rcu: 	RCU restricting CPUs from NR_CPUS=320 to nr_cpu_ids=16.
[    0.123164] rcu: 	RCU priority boosting: priority 1 delay 500 ms.
[    0.123165] 	Trampoline variant of Tasks RCU enabled.
[    0.123165] 	Rude variant of Tasks RCU enabled.
[    0.123166] 	Tracing variant of Tasks RCU enabled.
[    0.123166] rcu: RCU calculated value of scheduler-enlistment delay is 100 jiffies.
[    0.123167] rcu: Adjusting geometry for rcu_fanout_leaf=16, nr_cpu_ids=16
[    0.126508] NR_IRQS: 20736, nr_irqs: 1096, preallocated irqs: 16
[    0.126753] kfence: initialized - using 2097152 bytes for 255 objects at 0x(____ptrval____)-0x(____ptrval____)
[    0.126777] random: crng init done
[    0.126802] Console: colour dummy device 80x25
[    0.126810] printk: console [tty0] enabled
[    0.126827] ACPI: Core revision 20211217
[    0.126982] clocksource: hpet: mask: 0xffffffff max_cycles: 0xffffffff, max_idle_ns: 133484873504 ns
[    0.126998] APIC: Switch to symmetric I/O mode setup
[    0.127811] AMD-Vi: ivrs, add hid:AMDI0020, uid:\_SB.FUR0, rdevid:160
[    0.127813] AMD-Vi: ivrs, add hid:AMDI0020, uid:\_SB.FUR1, rdevid:160
[    0.127814] AMD-Vi: ivrs, add hid:AMDI0020, uid:\_SB.FUR2, rdevid:160
[    0.127814] AMD-Vi: ivrs, add hid:AMDI0020, uid:\_SB.FUR3, rdevid:160
[    0.128091] Switched APIC routing to physical flat.
[    0.128667] ..TIMER: vector=0x30 apic1=0 pin1=2 apic2=-1 pin2=-1
[    0.133000] clocksource: tsc-early: mask: 0xffffffffffffffff max_cycles: 0x2b29cb50635, max_idle_ns: 440795296099 ns
[    0.133006] Calibrating delay loop (skipped), value calculated using timer frequency.. 5988.90 BogoMIPS (lpj=2994451)
[    0.133008] pid_max: default: 32768 minimum: 301
[    0.135026] LSM: Security Framework initializing
[    0.135033] landlock: Up and running.
[    0.135034] Yama: becoming mindful.
[    0.135041] LSM support for eBPF active
[    0.135121] Mount-cache hash table entries: 32768 (order: 6, 262144 bytes, linear)
[    0.135156] Mountpoint-cache hash table entries: 32768 (order: 6, 262144 bytes, linear)
[    0.136193] x86/cpu: User Mode Instruction Prevention (UMIP) activated
[    0.136233] LVT offset 1 assigned for vector 0xf9
[    0.136284] LVT offset 2 assigned for vector 0xf4
[    0.136300] Last level iTLB entries: 4KB 1024, 2MB 1024, 4MB 512
[    0.136301] Last level dTLB entries: 4KB 2048, 2MB 2048, 4MB 1024, 1GB 0
[    0.136305] Spectre V1 : Mitigation: usercopy/swapgs barriers and __user pointer sanitization
[    0.136307] Spectre V2 : Mitigation: Retpolines
[    0.136308] Spectre V2 : Spectre v2 / SpectreRSB mitigation: Filling RSB on context switch
[    0.136308] Spectre V2 : Enabling Restricted Speculation for firmware calls
[    0.136310] Spectre V2 : mitigation: Enabling conditional Indirect Branch Prediction Barrier
[    0.136310] Spectre V2 : User space: Mitigation: STIBP via prctl
[    0.136312] Speculative Store Bypass: Mitigation: Speculative Store Bypass disabled via prctl
[    0.140489] Freeing SMP alternatives memory: 44K
[    0.242919] smpboot: CPU0: AMD Ryzen 5 4600H with Radeon Graphics (family: 0x17, model: 0x60, stepping: 0x1)
[    0.243003] cblist_init_generic: Setting adjustable number of callback queues.
[    0.243003] cblist_init_generic: Setting shift to 4 and lim to 1.
[    0.243003] cblist_init_generic: Setting shift to 4 and lim to 1.
[    0.243003] cblist_init_generic: Setting shift to 4 and lim to 1.
[    0.243003] Performance Events: Fam17h+ core perfctr, AMD PMU driver.
[    0.243003] ... version:                0
[    0.243003] ... bit width:              48
[    0.243003] ... generic registers:      6
[    0.243003] ... value mask:             0000ffffffffffff
[    0.243003] ... max period:             00007fffffffffff
[    0.243003] ... fixed-purpose events:   0
[    0.243003] ... event mask:             000000000000003f
[    0.243003] rcu: Hierarchical SRCU implementation.
[    0.243003] smp: Bringing up secondary CPUs ...
[    0.243003] x86: Booting SMP configuration:
[    0.243003] .... node  #0, CPUs:        #1  #2  #3  #4  #5  #6  #7  #8  #9 #10 #11
[    0.257044] smp: Brought up 1 node, 12 CPUs
[    0.257046] smpboot: Max logical packages: 2
[    0.257047] smpboot: Total of 12 processors activated (71866.82 BogoMIPS)
[    0.258475] devtmpfs: initialized
[    0.259033] x86/mm: Memory block size: 128MB
[    0.259702] ACPI: PM: Registering ACPI NVS region [mem 0x0a200000-0x0a20cfff] (53248 bytes)
[    0.259702] ACPI: PM: Registering ACPI NVS region [mem 0xac53d000-0xac57ffff] (274432 bytes)
[    0.259702] ACPI: PM: Registering ACPI NVS region [mem 0xac581000-0xac778fff] (2064384 bytes)
[    0.259702] clocksource: jiffies: mask: 0xffffffff max_cycles: 0xffffffff, max_idle_ns: 1911260446275000 ns
[    0.259702] futex hash table entries: 4096 (order: 6, 262144 bytes, linear)
[    0.259702] pinctrl core: initialized pinctrl subsystem
[    0.259702] PM: RTC time: 05:04:00, date: 2022-07-02
[    0.260445] NET: Registered PF_NETLINK/PF_ROUTE protocol family
[    0.260804] DMA: preallocated 2048 KiB GFP_KERNEL pool for atomic allocations
[    0.261134] DMA: preallocated 2048 KiB GFP_KERNEL|GFP_DMA pool for atomic allocations
[    0.261446] DMA: preallocated 2048 KiB GFP_KERNEL|GFP_DMA32 pool for atomic allocations
[    0.261475] audit: initializing netlink subsys (disabled)
[    0.261496] audit: type=2000 audit(1656738240.134:1): state=initialized audit_enabled=0 res=1
[    0.261496] thermal_sys: Registered thermal governor 'fair_share'
[    0.261496] thermal_sys: Registered thermal governor 'bang_bang'
[    0.261496] thermal_sys: Registered thermal governor 'step_wise'
[    0.261496] thermal_sys: Registered thermal governor 'user_space'
[    0.261496] thermal_sys: Registered thermal governor 'power_allocator'
[    0.261496] cpuidle: using governor ladder
[    0.261496] cpuidle: using governor menu
[    0.262042] HugeTLB: can free 4095 vmemmap pages for hugepages-1048576kB
[    0.262045] ACPI FADT declares the system doesn't support PCIe ASPM, so disable it
[    0.262047] acpiphp: ACPI Hot Plug PCI Controller Driver version: 0.5
[    0.262100] PCI: MMCONFIG for domain 0000 [bus 00-7f] at [mem 0xf0000000-0xf7ffffff] (base 0xf0000000)
[    0.262105] PCI: MMCONFIG at [mem 0xf0000000-0xf7ffffff] reserved in E820
[    0.262116] PCI: Using configuration type 1 for base access
[    0.263111] kprobes: kprobe jump-optimization is enabled. All kprobes are optimized if possible.
[    0.263117] HugeTLB: can free 7 vmemmap pages for hugepages-2048kB
[    0.263117] HugeTLB registered 1.00 GiB page size, pre-allocated 0 pages
[    0.263117] HugeTLB registered 2.00 MiB page size, pre-allocated 0 pages
[    0.263117] ACPI: Added _OSI(Module Device)
[    0.263117] ACPI: Added _OSI(Processor Device)
[    0.263117] ACPI: Added _OSI(3.0 _SCP Extensions)
[    0.263117] ACPI: Added _OSI(Processor Aggregator Device)
[    0.263117] ACPI: Added _OSI(Linux-Dell-Video)
[    0.263117] ACPI: Added _OSI(Linux-Lenovo-NV-HDMI-Audio)
[    0.263117] ACPI: Added _OSI(Linux-HPI-Hybrid-Graphics)
[    0.271179] ACPI BIOS Error (bug): Failure creating named object [\SMIB], AE_ALREADY_EXISTS (20211217/dsfield-637)
[    0.271183] ACPI Warning: NsLookup: Type mismatch on SMIB (Integer), searching for (RegionField) (20211217/nsaccess-696)
[    0.272543] ACPI BIOS Error (bug): Could not resolve symbol [\_SB.PCI0.GPP4.WLAN], AE_NOT_FOUND (20211217/dswload2-162)
[    0.272547] ACPI Error: AE_NOT_FOUND, During name lookup/catalog (20211217/psobject-220)
[    0.272548] ACPI: Skipping parse of AML opcode: Scope (0x0010)
[    0.274008] ACPI: 12 ACPI AML tables successfully acquired and loaded
[    0.275073] ACPI: [Firmware Bug]: BIOS _OSI(Linux) query ignored
[    0.276827] ACPI: EC: EC started
[    0.276828] ACPI: EC: interrupt blocked
[    0.278604] ACPI: EC: EC_CMD/EC_SC=0x66, EC_DATA=0x62
[    0.278605] ACPI: \_SB_.PCI0.SBRG.EC0_: Boot DSDT EC used to handle transactions
[    0.278607] ACPI: Interpreter enabled
[    0.278620] ACPI: PM: (supports S0 S3 S4 S5)
[    0.278621] ACPI: Using IOAPIC for interrupt routing
[    0.278807] PCI: Using host bridge windows from ACPI; if necessary, use "pci=nocrs" and report a bug
[    0.279105] ACPI: Enabled 5 GPEs in block 00 to 1F
[    0.280737] ACPI: PM: Power Resource [P0S0]
[    0.280757] ACPI: PM: Power Resource [P3S0]
[    0.280815] ACPI: PM: Power Resource [P0S1]
[    0.280834] ACPI: PM: Power Resource [P3S1]
[    0.281989] ACPI: PM: Power Resource [PG00]
[    0.286720] ACPI: PM: Power Resource [PRWL]
[    0.287030] ACPI: PCI Root Bridge [PCI0] (domain 0000 [bus 00-ff])
[    0.287035] acpi PNP0A08:00: _OSC: OS supports [ExtendedConfig ASPM ClockPM Segments MSI EDR HPX-Type3]
[    0.287108] acpi PNP0A08:00: _OSC: platform does not support [SHPCHotplug LTR DPC]
[    0.287239] acpi PNP0A08:00: _OSC: OS now controls [PCIeHotplug PME AER PCIeCapability]
[    0.287240] acpi PNP0A08:00: FADT indicates ASPM is unsupported, using BIOS configuration
[    0.287248] acpi PNP0A08:00: [Firmware Info]: MMCONFIG for domain 0000 [bus 00-7f] only partially covers this bridge
[    0.287535] PCI host bridge to bus 0000:00
[    0.287537] pci_bus 0000:00: root bus resource [io  0x0000-0x03af window]
[    0.287538] pci_bus 0000:00: root bus resource [io  0x03e0-0x0cf7 window]
[    0.287539] pci_bus 0000:00: root bus resource [io  0x03b0-0x03df window]
[    0.287540] pci_bus 0000:00: root bus resource [io  0x0d00-0xffff window]
[    0.287541] pci_bus 0000:00: root bus resource [mem 0x000a0000-0x000dffff window]
[    0.287542] pci_bus 0000:00: root bus resource [mem 0xb0000000-0xfebfffff window]
[    0.287543] pci_bus 0000:00: root bus resource [mem 0xfee00000-0xffffffff window]
[    0.287544] pci_bus 0000:00: root bus resource [bus 00-ff]
[    0.287555] pci 0000:00:00.0: [1022:1630] type 00 class 0x060000
[    0.287627] pci 0000:00:00.2: [1022:1631] type 00 class 0x080600
[    0.287703] pci 0000:00:01.0: [1022:1632] type 00 class 0x060000
[    0.287753] pci 0000:00:01.1: [1022:1633] type 01 class 0x060400
[    0.287806] pci 0000:00:01.1: PME# supported from D0 D3hot D3cold
[    0.287874] pci 0000:00:01.2: [1022:1634] type 01 class 0x060400
[    0.287895] pci 0000:00:01.2: enabling Extended Tags
[    0.287930] pci 0000:00:01.2: PME# supported from D0 D3hot D3cold
[    0.287995] pci 0000:00:01.3: [1022:1634] type 01 class 0x060400
[    0.288017] pci 0000:00:01.3: enabling Extended Tags
[    0.288051] pci 0000:00:01.3: PME# supported from D0 D3hot D3cold
[    0.288119] pci 0000:00:02.0: [1022:1632] type 00 class 0x060000
[    0.288169] pci 0000:00:02.1: [1022:1634] type 01 class 0x060400
[    0.288189] pci 0000:00:02.1: enabling Extended Tags
[    0.288223] pci 0000:00:02.1: PME# supported from D0 D3hot D3cold
[    0.288290] pci 0000:00:02.4: [1022:1634] type 01 class 0x060400
[    0.288310] pci 0000:00:02.4: enabling Extended Tags
[    0.288344] pci 0000:00:02.4: PME# supported from D0 D3hot D3cold
[    0.288412] pci 0000:00:08.0: [1022:1632] type 00 class 0x060000
[    0.288465] pci 0000:00:08.1: [1022:1635] type 01 class 0x060400
[    0.288484] pci 0000:00:08.1: enabling Extended Tags
[    0.288511] pci 0000:00:08.1: PME# supported from D0 D3hot D3cold
[    0.288587] pci 0000:00:14.0: [1022:790b] type 00 class 0x0c0500
[    0.288688] pci 0000:00:14.3: [1022:790e] type 00 class 0x060100
[    0.288794] pci 0000:00:18.0: [1022:1448] type 00 class 0x060000
[    0.288826] pci 0000:00:18.1: [1022:1449] type 00 class 0x060000
[    0.288858] pci 0000:00:18.2: [1022:144a] type 00 class 0x060000
[    0.288890] pci 0000:00:18.3: [1022:144b] type 00 class 0x060000
[    0.288923] pci 0000:00:18.4: [1022:144c] type 00 class 0x060000
[    0.288959] pci 0000:00:18.5: [1022:144d] type 00 class 0x060000
[    0.288990] pci 0000:00:18.6: [1022:144e] type 00 class 0x060000
[    0.289027] pci 0000:00:18.7: [1022:144f] type 00 class 0x060000
[    0.289116] pci 0000:01:00.0: [10de:2192] type 00 class 0x030000
[    0.289126] pci 0000:01:00.0: reg 0x10: [mem 0xfb000000-0xfbffffff]
[    0.289134] pci 0000:01:00.0: reg 0x14: [mem 0xb0000000-0xbfffffff 64bit pref]
[    0.289142] pci 0000:01:00.0: reg 0x1c: [mem 0xc0000000-0xc1ffffff 64bit pref]
[    0.289147] pci 0000:01:00.0: reg 0x24: [io  0xf000-0xf07f]
[    0.289151] pci 0000:01:00.0: reg 0x30: [mem 0xfc000000-0xfc07ffff pref]
[    0.289204] pci 0000:01:00.0: PME# supported from D0 D3hot D3cold
[    0.289269] pci 0000:01:00.0: 63.008 Gb/s available PCIe bandwidth, limited by 8.0 GT/s PCIe x8 link at 0000:00:01.1 (capable of 126.016 Gb/s with 8.0 GT/s PCIe x16 link)
[    0.289539] pci 0000:01:00.1: [10de:1aeb] type 00 class 0x040300
[    0.289549] pci 0000:01:00.1: reg 0x10: [mem 0xfc080000-0xfc083fff]
[    0.289662] pci 0000:01:00.2: [10de:1aec] type 00 class 0x0c0330
[    0.289676] pci 0000:01:00.2: reg 0x10: [mem 0xc2000000-0xc203ffff 64bit pref]
[    0.289691] pci 0000:01:00.2: reg 0x1c: [mem 0xc2040000-0xc204ffff 64bit pref]
[    0.289739] pci 0000:01:00.2: PME# supported from D0 D3hot D3cold
[    0.289799] pci 0000:01:00.3: [10de:1aed] type 00 class 0x0c8000
[    0.289808] pci 0000:01:00.3: reg 0x10: [mem 0xfc084000-0xfc084fff]
[    0.289868] pci 0000:01:00.3: PME# supported from D0 D3hot D3cold
[    0.289925] pci 0000:00:01.1: PCI bridge to [bus 01]
[    0.289928] pci 0000:00:01.1:   bridge window [io  0xf000-0xffff]
[    0.289930] pci 0000:00:01.1:   bridge window [mem 0xfb000000-0xfc0fffff]
[    0.289932] pci 0000:00:01.1:   bridge window [mem 0xb0000000-0xc20fffff 64bit pref]
[    0.289977] pci 0000:02:00.0: [10ec:8168] type 00 class 0x020000
[    0.289992] pci 0000:02:00.0: reg 0x10: [io  0xe000-0xe0ff]
[    0.290015] pci 0000:02:00.0: reg 0x18: [mem 0xfc904000-0xfc904fff 64bit]
[    0.290029] pci 0000:02:00.0: reg 0x20: [mem 0xfc900000-0xfc903fff 64bit]
[    0.290113] pci 0000:02:00.0: supports D1 D2
[    0.290114] pci 0000:02:00.0: PME# supported from D0 D1 D2 D3hot D3cold
[    0.290236] pci 0000:00:01.2: PCI bridge to [bus 02]
[    0.290239] pci 0000:00:01.2:   bridge window [io  0xe000-0xefff]
[    0.290241] pci 0000:00:01.2:   bridge window [mem 0xfc900000-0xfc9fffff]
[    0.290350] pci 0000:03:00.0: [8086:2723] type 00 class 0x028000
[    0.290404] pci 0000:03:00.0: reg 0x10: [mem 0xfc800000-0xfc803fff 64bit]
[    0.290567] pci 0000:03:00.0: PME# supported from D0 D3hot D3cold
[    0.290761] pci 0000:00:01.3: PCI bridge to [bus 03]
[    0.290765] pci 0000:00:01.3:   bridge window [mem 0xfc800000-0xfc8fffff]
[    0.291018] pci 0000:04:00.0: [144d:a808] type 00 class 0x010802
[    0.291033] pci 0000:04:00.0: reg 0x10: [mem 0xfc700000-0xfc703fff 64bit]
[    0.291222] pci 0000:00:02.1: PCI bridge to [bus 04]
[    0.291225] pci 0000:00:02.1:   bridge window [mem 0xfc700000-0xfc7fffff]
[    0.291260] pci 0000:05:00.0: [144d:a804] type 00 class 0x010802
[    0.291275] pci 0000:05:00.0: reg 0x10: [mem 0xfc600000-0xfc603fff 64bit]
[    0.291439] pci 0000:00:02.4: PCI bridge to [bus 05]
[    0.291443] pci 0000:00:02.4:   bridge window [mem 0xfc600000-0xfc6fffff]
[    0.291497] pci 0000:06:00.0: [1002:1636] type 00 class 0x030000
[    0.291507] pci 0000:06:00.0: reg 0x10: [mem 0xd0000000-0xdfffffff 64bit pref]
[    0.291513] pci 0000:06:00.0: reg 0x18: [mem 0xe0000000-0xe01fffff 64bit pref]
[    0.291518] pci 0000:06:00.0: reg 0x20: [io  0xd000-0xd0ff]
[    0.291522] pci 0000:06:00.0: reg 0x24: [mem 0xfc500000-0xfc57ffff]
[    0.291530] pci 0000:06:00.0: enabling Extended Tags
[    0.291539] pci 0000:06:00.0: BAR 0: assigned to efifb
[    0.291573] pci 0000:06:00.0: PME# supported from D1 D2 D3hot D3cold
[    0.291640] pci 0000:06:00.2: [1022:15df] type 00 class 0x108000
[    0.291652] pci 0000:06:00.2: reg 0x18: [mem 0xfc400000-0xfc4fffff]
[    0.291660] pci 0000:06:00.2: reg 0x24: [mem 0xfc588000-0xfc589fff]
[    0.291666] pci 0000:06:00.2: enabling Extended Tags
[    0.291733] pci 0000:06:00.3: [1022:1639] type 00 class 0x0c0330
[    0.291742] pci 0000:06:00.3: reg 0x10: [mem 0xfc300000-0xfc3fffff 64bit]
[    0.291764] pci 0000:06:00.3: enabling Extended Tags
[    0.291791] pci 0000:06:00.3: PME# supported from D0 D3hot D3cold
[    0.291836] pci 0000:06:00.4: [1022:1639] type 00 class 0x0c0330
[    0.291846] pci 0000:06:00.4: reg 0x10: [mem 0xfc200000-0xfc2fffff 64bit]
[    0.291867] pci 0000:06:00.4: enabling Extended Tags
[    0.291894] pci 0000:06:00.4: PME# supported from D0 D3hot D3cold
[    0.291942] pci 0000:06:00.6: [1022:15e3] type 00 class 0x040300
[    0.291949] pci 0000:06:00.6: reg 0x10: [mem 0xfc580000-0xfc587fff]
[    0.291968] pci 0000:06:00.6: enabling Extended Tags
[    0.292006] pci 0000:06:00.6: PME# supported from D0 D3hot D3cold
[    0.292061] pci 0000:00:08.1: PCI bridge to [bus 06]
[    0.292063] pci 0000:00:08.1:   bridge window [io  0xd000-0xdfff]
[    0.292065] pci 0000:00:08.1:   bridge window [mem 0xfc200000-0xfc5fffff]
[    0.292067] pci 0000:00:08.1:   bridge window [mem 0xd0000000-0xe01fffff 64bit pref]
[    0.292613] ACPI: PCI: Interrupt link LNKA configured for IRQ 0
[    0.292659] ACPI: PCI: Interrupt link LNKB configured for IRQ 0
[    0.292696] ACPI: PCI: Interrupt link LNKC configured for IRQ 0
[    0.292741] ACPI: PCI: Interrupt link LNKD configured for IRQ 0
[    0.292781] ACPI: PCI: Interrupt link LNKE configured for IRQ 0
[    0.292815] ACPI: PCI: Interrupt link LNKF configured for IRQ 0
[    0.292848] ACPI: PCI: Interrupt link LNKG configured for IRQ 0
[    0.292881] ACPI: PCI: Interrupt link LNKH configured for IRQ 0
[    0.294117] ACPI: EC: interrupt unblocked
[    0.294118] ACPI: EC: event unblocked
[    0.294123] ACPI: EC: EC_CMD/EC_SC=0x66, EC_DATA=0x62
[    0.294124] ACPI: EC: GPE=0x3
[    0.294124] ACPI: \_SB_.PCI0.SBRG.EC0_: Boot DSDT EC initialization complete
[    0.294126] ACPI: \_SB_.PCI0.SBRG.EC0_: EC: Used to handle transactions and events
[    0.294155] iommu: Default domain type: Translated 
[    0.294155] iommu: DMA domain TLB invalidation policy: lazy mode 
[    0.294263] SCSI subsystem initialized
[    0.294272] libata version 3.00 loaded.
[    0.294272] ACPI: bus type USB registered
[    0.294272] usbcore: registered new interface driver usbfs
[    0.294272] usbcore: registered new interface driver hub
[    0.294272] usbcore: registered new device driver usb
[    0.296514] pps_core: LinuxPPS API ver. 1 registered
[    0.296515] pps_core: Software ver. 5.3.6 - Copyright 2005-2007 Rodolfo Giometti <giometti@linux.it>
[    0.296518] PTP clock support registered
[    0.296523] EDAC MC: Ver: 3.0.0
[    0.297021] Registered efivars operations
[    0.297119] NetLabel: Initializing
[    0.297120] NetLabel:  domain hash size = 128
[    0.297121] NetLabel:  protocols = UNLABELED CIPSOv4 CALIPSO
[    0.297130] NetLabel:  unlabeled traffic allowed by default
[    0.297132] mctp: management component transport protocol core
[    0.297133] NET: Registered PF_MCTP protocol family
[    0.297136] PCI: Using ACPI for IRQ routing
[    0.301455] PCI: pci_cache_line_size set to 64 bytes
[    0.301990] Expanded resource Reserved due to conflict with PCI Bus 0000:00
[    0.301991] e820: reserve RAM buffer [mem 0x09bff000-0x0bffffff]
[    0.301993] e820: reserve RAM buffer [mem 0x0a200000-0x0bffffff]
[    0.301993] e820: reserve RAM buffer [mem 0xa76f9000-0xa7ffffff]
[    0.301994] e820: reserve RAM buffer [mem 0xa995e000-0xabffffff]
[    0.301995] e820: reserve RAM buffer [mem 0xaafed000-0xabffffff]
[    0.301995] e820: reserve RAM buffer [mem 0xae000000-0xafffffff]
[    0.301996] e820: reserve RAM buffer [mem 0x42f340000-0x42fffffff]
[    0.302047] pci 0000:01:00.0: vgaarb: setting as boot VGA device
[    0.302047] pci 0000:01:00.0: vgaarb: bridge control possible
[    0.302047] pci 0000:01:00.0: vgaarb: VGA device added: decodes=io+mem,owns=none,locks=none
[    0.302047] pci 0000:06:00.0: vgaarb: setting as boot VGA device (overriding previous)
[    0.302047] pci 0000:06:00.0: vgaarb: bridge control possible
[    0.302047] pci 0000:06:00.0: vgaarb: VGA device added: decodes=io+mem,owns=none,locks=none
[    0.302047] vgaarb: loaded
[    0.302052] hpet0: at MMIO 0xfed00000, IRQs 2, 8, 0
[    0.302055] hpet0: 3 comparators, 32-bit 14.318180 MHz counter
[    0.304077] clocksource: Switched to clocksource tsc-early
[    0.310968] VFS: Disk quotas dquot_6.6.0
[    0.310980] VFS: Dquot-cache hash table entries: 512 (order 0, 4096 bytes)
[    0.311056] pnp: PnP ACPI init
[    0.311185] system 00:00: [mem 0xf0000000-0xf7ffffff] has been reserved
[    0.311611] system 00:03: [io  0x04d0-0x04d1] has been reserved
[    0.311613] system 00:03: [io  0x040b] has been reserved
[    0.311613] system 00:03: [io  0x04d6] has been reserved
[    0.311614] system 00:03: [io  0x0c00-0x0c01] has been reserved
[    0.311615] system 00:03: [io  0x0c14] has been reserved
[    0.311616] system 00:03: [io  0x0c50-0x0c51] has been reserved
[    0.311617] system 00:03: [io  0x0c52] has been reserved
[    0.311618] system 00:03: [io  0x0c6c] has been reserved
[    0.311620] system 00:03: [io  0x0c6f] has been reserved
[    0.311620] system 00:03: [io  0x0cd0-0x0cd1] has been reserved
[    0.311621] system 00:03: [io  0x0cd2-0x0cd3] has been reserved
[    0.311622] system 00:03: [io  0x0cd4-0x0cd5] has been reserved
[    0.311623] system 00:03: [io  0x0cd6-0x0cd7] has been reserved
[    0.311624] system 00:03: [io  0x0cd8-0x0cdf] has been reserved
[    0.311625] system 00:03: [io  0x0800-0x089f] has been reserved
[    0.311626] system 00:03: [io  0x0b00-0x0b0f] has been reserved
[    0.311626] system 00:03: [io  0x0b20-0x0b3f] has been reserved
[    0.311627] system 00:03: [io  0x0900-0x090f] has been reserved
[    0.311628] system 00:03: [io  0x0910-0x091f] has been reserved
[    0.311629] system 00:03: [mem 0xfec00000-0xfec00fff] could not be reserved
[    0.311630] system 00:03: [mem 0xfec01000-0xfec01fff] could not be reserved
[    0.311632] system 00:03: [mem 0xfedc0000-0xfedc0fff] has been reserved
[    0.311633] system 00:03: [mem 0xfee00000-0xfee00fff] has been reserved
[    0.311634] system 00:03: [mem 0xfed80000-0xfed8ffff] could not be reserved
[    0.311635] system 00:03: [mem 0xfec10000-0xfec10fff] has been reserved
[    0.311636] system 00:03: [mem 0xff000000-0xffffffff] has been reserved
[    0.312505] pnp: PnP ACPI: found 4 devices
[    0.318367] clocksource: acpi_pm: mask: 0xffffff max_cycles: 0xffffff, max_idle_ns: 2085701024 ns
[    0.318471] NET: Registered PF_INET protocol family
[    0.318797] IP idents hash table entries: 262144 (order: 9, 2097152 bytes, linear)
[    0.321026] tcp_listen_portaddr_hash hash table entries: 8192 (order: 5, 131072 bytes, linear)
[    0.321068] Table-perturb hash table entries: 65536 (order: 6, 262144 bytes, linear)
[    0.321218] TCP established hash table entries: 131072 (order: 8, 1048576 bytes, linear)
[    0.321466] TCP bind hash table entries: 65536 (order: 8, 1048576 bytes, linear)
[    0.321538] TCP: Hash tables configured (established 131072 bind 65536)
[    0.321681] MPTCP token hash table entries: 16384 (order: 6, 393216 bytes, linear)
[    0.321743] UDP hash table entries: 8192 (order: 6, 262144 bytes, linear)
[    0.321811] UDP-Lite hash table entries: 8192 (order: 6, 262144 bytes, linear)
[    0.321869] NET: Registered PF_UNIX/PF_LOCAL protocol family
[    0.321874] NET: Registered PF_XDP protocol family
[    0.321892] pci 0000:00:01.1: PCI bridge to [bus 01]
[    0.321896] pci 0000:00:01.1:   bridge window [io  0xf000-0xffff]
[    0.321899] pci 0000:00:01.1:   bridge window [mem 0xfb000000-0xfc0fffff]
[    0.321902] pci 0000:00:01.1:   bridge window [mem 0xb0000000-0xc20fffff 64bit pref]
[    0.321905] pci 0000:00:01.2: PCI bridge to [bus 02]
[    0.321906] pci 0000:00:01.2:   bridge window [io  0xe000-0xefff]
[    0.321908] pci 0000:00:01.2:   bridge window [mem 0xfc900000-0xfc9fffff]
[    0.321912] pci 0000:00:01.3: PCI bridge to [bus 03]
[    0.321914] pci 0000:00:01.3:   bridge window [mem 0xfc800000-0xfc8fffff]
[    0.321919] pci 0000:00:02.1: PCI bridge to [bus 04]
[    0.321921] pci 0000:00:02.1:   bridge window [mem 0xfc700000-0xfc7fffff]
[    0.321925] pci 0000:00:02.4: PCI bridge to [bus 05]
[    0.321927] pci 0000:00:02.4:   bridge window [mem 0xfc600000-0xfc6fffff]
[    0.321932] pci 0000:00:08.1: PCI bridge to [bus 06]
[    0.321933] pci 0000:00:08.1:   bridge window [io  0xd000-0xdfff]
[    0.321935] pci 0000:00:08.1:   bridge window [mem 0xfc200000-0xfc5fffff]
[    0.321938] pci 0000:00:08.1:   bridge window [mem 0xd0000000-0xe01fffff 64bit pref]
[    0.321943] pci_bus 0000:00: resource 4 [io  0x0000-0x03af window]
[    0.321944] pci_bus 0000:00: resource 5 [io  0x03e0-0x0cf7 window]
[    0.321945] pci_bus 0000:00: resource 6 [io  0x03b0-0x03df window]
[    0.321946] pci_bus 0000:00: resource 7 [io  0x0d00-0xffff window]
[    0.321947] pci_bus 0000:00: resource 8 [mem 0x000a0000-0x000dffff window]
[    0.321948] pci_bus 0000:00: resource 9 [mem 0xb0000000-0xfebfffff window]
[    0.321949] pci_bus 0000:00: resource 10 [mem 0xfee00000-0xffffffff window]
[    0.321951] pci_bus 0000:01: resource 0 [io  0xf000-0xffff]
[    0.321951] pci_bus 0000:01: resource 1 [mem 0xfb000000-0xfc0fffff]
[    0.321952] pci_bus 0000:01: resource 2 [mem 0xb0000000-0xc20fffff 64bit pref]
[    0.321954] pci_bus 0000:02: resource 0 [io  0xe000-0xefff]
[    0.321954] pci_bus 0000:02: resource 1 [mem 0xfc900000-0xfc9fffff]
[    0.321956] pci_bus 0000:03: resource 1 [mem 0xfc800000-0xfc8fffff]
[    0.321957] pci_bus 0000:04: resource 1 [mem 0xfc700000-0xfc7fffff]
[    0.321958] pci_bus 0000:05: resource 1 [mem 0xfc600000-0xfc6fffff]
[    0.321959] pci_bus 0000:06: resource 0 [io  0xd000-0xdfff]
[    0.321959] pci_bus 0000:06: resource 1 [mem 0xfc200000-0xfc5fffff]
[    0.321960] pci_bus 0000:06: resource 2 [mem 0xd0000000-0xe01fffff 64bit pref]
[    0.322087] pci 0000:01:00.1: D0 power state depends on 0000:01:00.0
[    0.322136] pci 0000:01:00.2: D0 power state depends on 0000:01:00.0
[    0.322317] pci 0000:01:00.3: D0 power state depends on 0000:01:00.0
[    0.322603] pci 0000:06:00.3: extending delay after power-on from D3hot to 20 msec
[    0.322683] pci 0000:06:00.4: extending delay after power-on from D3hot to 20 msec
[    0.322729] PCI: CLS 64 bytes, default 64
[    0.322740] pci 0000:00:00.2: AMD-Vi: IOMMU performance counters supported
[    0.322784] pci 0000:00:00.2: can't derive routing for PCI INT A
[    0.322785] pci 0000:00:00.2: PCI INT A: not connected
[    0.322807] pci 0000:00:01.0: Adding to iommu group 0
[    0.322815] pci 0000:00:01.1: Adding to iommu group 1
[    0.322823] pci 0000:00:01.2: Adding to iommu group 2
[    0.322831] pci 0000:00:01.3: Adding to iommu group 3
[    0.322842] pci 0000:00:02.0: Adding to iommu group 4
[    0.322843] Trying to unpack rootfs image as initramfs...
[    0.322850] pci 0000:00:02.1: Adding to iommu group 5
[    0.322857] pci 0000:00:02.4: Adding to iommu group 6
[    0.322870] pci 0000:00:08.0: Adding to iommu group 7
[    0.322879] pci 0000:00:08.1: Adding to iommu group 7
[    0.322888] pci 0000:00:14.0: Adding to iommu group 8
[    0.322894] pci 0000:00:14.3: Adding to iommu group 8
[    0.322916] pci 0000:00:18.0: Adding to iommu group 9
[    0.322922] pci 0000:00:18.1: Adding to iommu group 9
[    0.322928] pci 0000:00:18.2: Adding to iommu group 9
[    0.322935] pci 0000:00:18.3: Adding to iommu group 9
[    0.322942] pci 0000:00:18.4: Adding to iommu group 9
[    0.322949] pci 0000:00:18.5: Adding to iommu group 9
[    0.322955] pci 0000:00:18.6: Adding to iommu group 9
[    0.322962] pci 0000:00:18.7: Adding to iommu group 9
[    0.322985] pci 0000:01:00.0: Adding to iommu group 10
[    0.322999] pci 0000:01:00.1: Adding to iommu group 10
[    0.323013] pci 0000:01:00.2: Adding to iommu group 10
[    0.323027] pci 0000:01:00.3: Adding to iommu group 10
[    0.323037] pci 0000:02:00.0: Adding to iommu group 11
[    0.323045] pci 0000:03:00.0: Adding to iommu group 12
[    0.323054] pci 0000:04:00.0: Adding to iommu group 13
[    0.323062] pci 0000:05:00.0: Adding to iommu group 14
[    0.323073] pci 0000:06:00.0: Adding to iommu group 7
[    0.323078] pci 0000:06:00.2: Adding to iommu group 7
[    0.323084] pci 0000:06:00.3: Adding to iommu group 7
[    0.323090] pci 0000:06:00.4: Adding to iommu group 7
[    0.323096] pci 0000:06:00.6: Adding to iommu group 7
[    0.325430] pci 0000:00:00.2: AMD-Vi: Found IOMMU cap 0x40
[    0.325435] AMD-Vi: Extended features (0x206d73ef22254ade): PPR X2APIC NX GT IA GA PC GA_vAPIC
[    0.325441] AMD-Vi: Interrupt remapping enabled
[    0.325442] AMD-Vi: Virtual APIC enabled
[    0.325442] AMD-Vi: X2APIC enabled
[    0.325579] PCI-DMA: Using software bounce buffering for IO (SWIOTLB)
[    0.325580] software IO TLB: mapped [mem 0x00000000a2f16000-0x00000000a6f16000] (64MB)
[    0.325634] LVT offset 0 assigned for vector 0x400
[    0.325829] perf: AMD IBS detected (0x000003ff)
[    0.325834] perf/amd_iommu: Detected AMD IOMMU #0 (2 banks, 4 counters/bank).
[    0.327585] Initialise system trusted keyrings
[    0.327595] Key type blacklist registered
[    0.327642] workingset: timestamp_bits=41 max_order=22 bucket_order=0
[    0.328409] zbud: loaded
[    0.328584] integrity: Platform Keyring initialized
[    0.328587] integrity: Machine keyring initialized
[    0.331132] Key type asymmetric registered
[    0.331133] Asymmetric key parser 'x509' registered
[    0.388166] Freeing initrd memory: 13316K
[    0.391202] alg: self-tests for CTR-KDF (hmac(sha256)) passed
[    0.391230] Block layer SCSI generic (bsg) driver version 0.4 loaded (major 242)
[    0.391307] io scheduler mq-deadline registered
[    0.391309] io scheduler kyber registered
[    0.391353] io scheduler bfq registered
[    0.392002] pcieport 0000:00:01.1: PME: Signaling with IRQ 26
[    0.392098] pcieport 0000:00:01.2: PME: Signaling with IRQ 27
[    0.392180] pcieport 0000:00:01.3: PME: Signaling with IRQ 28
[    0.392256] pcieport 0000:00:02.1: PME: Signaling with IRQ 29
[    0.392337] pcieport 0000:00:02.4: PME: Signaling with IRQ 30
[    0.392419] pcieport 0000:00:08.1: PME: Signaling with IRQ 31
[    0.392487] shpchp: Standard Hot Plug PCI Controller Driver version: 0.4
[    0.393902] ACPI: AC: AC Adapter [AC0] (on-line)
[    0.393933] input: Power Button as /devices/LNXSYSTM:00/LNXSYBUS:00/PNP0C0C:00/input/input0
[    0.393948] ACPI: button: Power Button [PWRB]
[    0.393964] input: Sleep Button as /devices/LNXSYSTM:00/LNXSYBUS:00/PNP0C0E:00/input/input1
[    0.393977] ACPI: button: Sleep Button [SLPB]
[    0.393991] input: Lid Switch as /devices/LNXSYSTM:00/LNXSYBUS:00/PNP0C0D:00/input/input2
[    0.394000] ACPI: button: Lid Switch [LID1]
[    0.394014] input: Power Button as /devices/LNXSYSTM:00/LNXPWRBN:00/input/input3
[    0.394034] ACPI: button: Power Button [PWRF]
[    0.394063] Monitor-Mwait will be used to enter C-1 state
[    0.394065] ACPI: \_SB_.PLTF.P000: Found 3 idle states
[    0.394070] ACPI: FW issue: working around C-state latencies out of order
[    0.394171] ACPI: \_SB_.PLTF.P001: Found 3 idle states
[    0.394177] ACPI: FW issue: working around C-state latencies out of order
[    0.394233] ACPI: \_SB_.PLTF.P002: Found 3 idle states
[    0.394237] ACPI: FW issue: working around C-state latencies out of order
[    0.394342] ACPI: \_SB_.PLTF.P003: Found 3 idle states
[    0.394346] ACPI: FW issue: working around C-state latencies out of order
[    0.394435] ACPI: \_SB_.PLTF.P004: Found 3 idle states
[    0.394440] ACPI: FW issue: working around C-state latencies out of order
[    0.394522] ACPI: \_SB_.PLTF.P005: Found 3 idle states
[    0.394526] ACPI: FW issue: working around C-state latencies out of order
[    0.394589] ACPI: \_SB_.PLTF.P006: Found 3 idle states
[    0.394593] ACPI: FW issue: working around C-state latencies out of order
[    0.394674] ACPI: \_SB_.PLTF.P007: Found 3 idle states
[    0.394679] ACPI: FW issue: working around C-state latencies out of order
[    0.394799] ACPI: \_SB_.PLTF.P008: Found 3 idle states
[    0.394804] ACPI: FW issue: working around C-state latencies out of order
[    0.394913] ACPI: \_SB_.PLTF.P009: Found 3 idle states
[    0.394917] ACPI: FW issue: working around C-state latencies out of order
[    0.395035] ACPI: \_SB_.PLTF.P00A: Found 3 idle states
[    0.395039] ACPI: FW issue: working around C-state latencies out of order
[    0.395158] ACPI: \_SB_.PLTF.P00B: Found 3 idle states
[    0.395163] ACPI: FW issue: working around C-state latencies out of order
[    0.396814] thermal LNXTHERM:00: registered as thermal_zone0
[    0.396815] ACPI: thermal: Thermal Zone [ECTZ] (51 C)
[    0.396911] Serial: 8250/16550 driver, 32 ports, IRQ sharing enabled
[    0.397733] Non-volatile memory driver v1.3
[    0.397734] Linux agpgart interface v0.103
[    0.397760] AMD-Vi: AMD IOMMUv2 loaded and initialized
[    0.398318] ACPI: bus type drm_connector registered
[    0.398452] ehci_hcd: USB 2.0 'Enhanced' Host Controller (EHCI) Driver
[    0.398455] ehci-pci: EHCI PCI platform driver
[    0.398460] ohci_hcd: USB 1.1 'Open' Host Controller (OHCI) Driver
[    0.398463] ohci-pci: OHCI PCI platform driver
[    0.398468] uhci_hcd: USB Universal Host Controller Interface driver
[    0.398489] usbcore: registered new interface driver usbserial_generic
[    0.398492] usbserial: USB Serial support registered for generic
[    0.398564] rtc_cmos 00:01: RTC can wake from S4
[    0.398797] rtc_cmos 00:01: registered as rtc0
[    0.398826] rtc_cmos 00:01: setting system clock to 2022-07-02T05:04:01 UTC (1656738241)
[    0.398836] rtc_cmos 00:01: alarms up to one month, y3k, 114 bytes nvram, hpet irqs
[    0.399008] ledtrig-cpu: registered to indicate activity on CPUs
[    0.399096] efifb: probing for efifb
[    0.399151] efifb: framebuffer at 0xd0000000, using 8128k, total 8128k
[    0.399152] efifb: mode is 1920x1080x32, linelength=7680, pages=1
[    0.399153] efifb: scrolling: redraw
[    0.399153] efifb: Truecolor: size=8:8:8:8, shift=24:16:8:0
[    0.399177] fbcon: Deferring console take-over
[    0.399178] fb0: EFI VGA frame buffer device
[    0.399193] hid: raw HID events driver (C) Jiri Kosina
[    0.399250] drop_monitor: Initializing network drop monitor service
[    0.410323] Initializing XFRM netlink socket
[    0.410400] NET: Registered PF_INET6 protocol family
[    0.412556] Segment Routing with IPv6
[    0.412557] RPL Segment Routing with IPv6
[    0.412561] In-situ OAM (IOAM) with IPv6
[    0.412574] NET: Registered PF_PACKET protocol family
[    0.413171] microcode: CPU0: patch_level=0x08600103
[    0.413174] microcode: CPU1: patch_level=0x08600103
[    0.413180] microcode: CPU2: patch_level=0x08600103
[    0.413185] microcode: CPU3: patch_level=0x08600103
[    0.413191] microcode: CPU4: patch_level=0x08600103
[    0.413196] microcode: CPU5: patch_level=0x08600103
[    0.413202] microcode: CPU6: patch_level=0x08600103
[    0.413210] microcode: CPU7: patch_level=0x08600103
[    0.413217] microcode: CPU8: patch_level=0x08600103
[    0.413222] microcode: CPU9: patch_level=0x08600103
[    0.413236] microcode: CPU10: patch_level=0x08600103
[    0.413248] microcode: CPU11: patch_level=0x08600103
[    0.413252] microcode: Microcode Update Driver: v2.2.
[    0.413355] resctrl: L3 allocation detected
[    0.413356] resctrl: MB allocation detected
[    0.413356] resctrl: L3 monitoring detected
[    0.413360] IPI shorthand broadcast: enabled
[    0.413366] sched_clock: Marking stable (413048127, 299392)->(430511252, -17163733)
[    0.413628] ACPI: battery: Slot [BAT0] (battery present)
[    0.413740] registered taskstats version 1
[    0.413938] Loading compiled-in X.509 certificates
[    0.415791] Loaded X.509 cert 'Build time autogenerated kernel key: e157f66497c42eca5c29377511b48a886d7f7472'
[    0.416538] zswap: loaded using pool lz4/z3fold
[    0.416721] Key type ._fscrypt registered
[    0.416722] Key type .fscrypt registered
[    0.416723] Key type fscrypt-provisioning registered
[    0.416825] integrity: Loading X.509 certificate: UEFI:db
[    0.417081] integrity: Loaded X.509 cert 'DO NOT TRUST - Test PK: ac15cc78505dfe8e4100aae9696ef35c'
[    0.417082] integrity: Loading X.509 certificate: UEFI:db
[    0.417099] integrity: Loaded X.509 cert 'Microsoft Corporation UEFI CA 2011: 13adbf4309bd82709c8cd54f316ed522988a1bd4'
[    0.417099] integrity: Loading X.509 certificate: UEFI:db
[    0.417113] integrity: Loaded X.509 cert 'Microsoft Windows Production PCA 2011: a92902398e16c49778cd90f99e4f9ae17c55af53'
[    0.418372] PM:   Magic number: 14:196:61
[    0.418518] RAS: Correctable Errors collector initialized.
[    0.419729] Freeing unused decrypted memory: 2036K
[    0.420082] Freeing unused kernel image (initmem) memory: 1880K
[    0.430645] Write protecting the kernel read-only data: 30720k
[    0.431499] Freeing unused kernel image (text/rodata gap) memory: 2040K
[    0.431877] Freeing unused kernel image (rodata/data gap) memory: 1340K
[    0.462828] x86/mm: Checked W+X mappings: passed, no W+X pages found.
[    0.462833] rodata_test: all tests were successful
[    0.462850] Run /init as init process
[    0.462851]   with arguments:
[    0.462852]     /init
[    0.462853]   with environment:
[    0.462853]     HOME=/
[    0.462854]     TERM=linux
[    0.462854]     BOOT_IMAGE=/@/boot/vmlinuz-linux-zen
[    0.462855]     cryptdevice=UUID=3cfb44c0-125f-43e8-b616-07b989a61644:luks-3cfb44c0-125f-43e8-b616-07b989a61644
[    0.462855]     nvme_load=YES
[    0.469911] fbcon: Taking over console
[    0.469990] Console: switching to colour frame buffer device 240x67
[    0.532651] i8042: PNP: PS/2 Controller [PNP0303:PS2K] at 0x60,0x64 irq 1
[    0.532657] i8042: PNP: PS/2 appears to have AUX port disabled, if this is incorrect please boot with i8042.nopnp
[    0.533605] xhci_hcd 0000:01:00.2: xHCI Host Controller
[    0.533612] xhci_hcd 0000:01:00.2: new USB bus registered, assigned bus number 1
[    0.534237] xhci_hcd 0000:01:00.2: hcc params 0x0180ff05 hci version 0x110 quirks 0x0000000000000010
[    0.534413] xhci_hcd 0000:01:00.2: xHCI Host Controller
[    0.534416] xhci_hcd 0000:01:00.2: new USB bus registered, assigned bus number 2
[    0.534418] xhci_hcd 0000:01:00.2: Host supports USB 3.1 Enhanced SuperSpeed
[    0.534457] usb usb1: New USB device found, idVendor=1d6b, idProduct=0002, bcdDevice= 5.18
[    0.534459] usb usb1: New USB device strings: Mfr=3, Product=2, SerialNumber=1
[    0.534461] usb usb1: Product: xHCI Host Controller
[    0.534463] usb usb1: Manufacturer: Linux 5.18.7-zen1-1-zen xhci-hcd
[    0.534464] usb usb1: SerialNumber: 0000:01:00.2
[    0.534582] hub 1-0:1.0: USB hub found
[    0.534592] hub 1-0:1.0: 2 ports detected
[    0.534730] serio: i8042 KBD port at 0x60,0x64 irq 1
[    0.534872] usb usb2: We don't know the algorithms for LPM for this host, disabling LPM.
[    0.534890] usb usb2: New USB device found, idVendor=1d6b, idProduct=0003, bcdDevice= 5.18
[    0.534893] usb usb2: New USB device strings: Mfr=3, Product=2, SerialNumber=1
[    0.534894] usb usb2: Product: xHCI Host Controller
[    0.534896] usb usb2: Manufacturer: Linux 5.18.7-zen1-1-zen xhci-hcd
[    0.534897] usb usb2: SerialNumber: 0000:01:00.2
[    0.534968] hub 2-0:1.0: USB hub found
[    0.534977] hub 2-0:1.0: 4 ports detected
[    0.535790] cryptd: max_cpu_qlen set to 1000
[    0.544557] ccp 0000:06:00.2: enabling device (0000 -> 0002)
[    0.544884] AVX2 version of gcm_enc/dec engaged.
[    0.544932] AES CTR mode by8 optimization enabled
[    0.554583] xhci_hcd 0000:06:00.3: xHCI Host Controller
[    0.554591] xhci_hcd 0000:06:00.3: new USB bus registered, assigned bus number 3
[    0.554682] xhci_hcd 0000:06:00.3: hcc params 0x0268ffe5 hci version 0x110 quirks 0x0000020000000410
[    0.554816] ccp 0000:06:00.2: ccp: unable to access the device: you might be running a broken BIOS.
[    0.555011] xhci_hcd 0000:06:00.3: xHCI Host Controller
[    0.555014] xhci_hcd 0000:06:00.3: new USB bus registered, assigned bus number 4
[    0.555016] xhci_hcd 0000:06:00.3: Host supports USB 3.1 Enhanced SuperSpeed
[    0.555052] usb usb3: New USB device found, idVendor=1d6b, idProduct=0002, bcdDevice= 5.18
[    0.555054] usb usb3: New USB device strings: Mfr=3, Product=2, SerialNumber=1
[    0.555056] usb usb3: Product: xHCI Host Controller
[    0.555057] usb usb3: Manufacturer: Linux 5.18.7-zen1-1-zen xhci-hcd
[    0.555059] usb usb3: SerialNumber: 0000:06:00.3
[    0.555149] hub 3-0:1.0: USB hub found
[    0.555156] hub 3-0:1.0: 4 ports detected
[    0.555381] usb usb4: We don't know the algorithms for LPM for this host, disabling LPM.
[    0.555398] usb usb4: New USB device found, idVendor=1d6b, idProduct=0003, bcdDevice= 5.18
[    0.555400] usb usb4: New USB device strings: Mfr=3, Product=2, SerialNumber=1
[    0.555402] usb usb4: Product: xHCI Host Controller
[    0.555403] usb usb4: Manufacturer: Linux 5.18.7-zen1-1-zen xhci-hcd
[    0.555405] usb usb4: SerialNumber: 0000:06:00.3
[    0.555468] hub 4-0:1.0: USB hub found
[    0.555473] hub 4-0:1.0: 2 ports detected
[    0.555686] xhci_hcd 0000:06:00.4: xHCI Host Controller
[    0.555690] xhci_hcd 0000:06:00.4: new USB bus registered, assigned bus number 5
[    0.555778] xhci_hcd 0000:06:00.4: hcc params 0x0268ffe5 hci version 0x110 quirks 0x0000020000000410
[    0.556076] xhci_hcd 0000:06:00.4: xHCI Host Controller
[    0.556079] xhci_hcd 0000:06:00.4: new USB bus registered, assigned bus number 6
[    0.556081] xhci_hcd 0000:06:00.4: Host supports USB 3.1 Enhanced SuperSpeed
[    0.556107] usb usb5: New USB device found, idVendor=1d6b, idProduct=0002, bcdDevice= 5.18
[    0.556110] usb usb5: New USB device strings: Mfr=3, Product=2, SerialNumber=1
[    0.556111] usb usb5: Product: xHCI Host Controller
[    0.556113] usb usb5: Manufacturer: Linux 5.18.7-zen1-1-zen xhci-hcd
[    0.556114] usb usb5: SerialNumber: 0000:06:00.4
[    0.556342] hub 5-0:1.0: USB hub found
[    0.556352] hub 5-0:1.0: 4 ports detected
[    0.556545] usb usb6: We don't know the algorithms for LPM for this host, disabling LPM.
[    0.556567] usb usb6: New USB device found, idVendor=1d6b, idProduct=0003, bcdDevice= 5.18
[    0.556569] usb usb6: New USB device strings: Mfr=3, Product=2, SerialNumber=1
[    0.556570] usb usb6: Product: xHCI Host Controller
[    0.556572] usb usb6: Manufacturer: Linux 5.18.7-zen1-1-zen xhci-hcd
[    0.556573] usb usb6: SerialNumber: 0000:06:00.4
[    0.556634] hub 6-0:1.0: USB hub found
[    0.556639] hub 6-0:1.0: 2 ports detected
[    0.561680] nvme 0000:04:00.0: platform quirk: setting simple suspend
[    0.561782] nvme nvme0: pci function 0000:04:00.0
[    0.562512] nvme 0000:05:00.0: platform quirk: setting simple suspend
[    0.562602] nvme nvme1: pci function 0000:05:00.0
[    0.565763] ccp 0000:06:00.2: tee enabled
[    0.565766] ccp 0000:06:00.2: psp enabled
[    0.575013] nvme nvme1: 7/0/0 default/read/poll queues
[    0.599993]  nvme1n1: p1 p2 p3
[    0.793660] usb 5-3: new high-speed USB device number 2 using xhci_hcd
[    0.793671] usb 3-1: new high-speed USB device number 2 using xhci_hcd
[    0.924152] usb 3-1: New USB device found, idVendor=0bda, idProduct=0129, bcdDevice=39.60
[    0.924154] usb 3-1: New USB device strings: Mfr=1, Product=2, SerialNumber=3
[    0.924155] usb 3-1: Product: USB2.0-CRW
[    0.924156] usb 3-1: Manufacturer: Generic
[    0.924157] usb 3-1: SerialNumber: 20100201396000000
[    0.924714] usb 5-3: New USB device found, idVendor=05e3, idProduct=0608, bcdDevice=60.70
[    0.924716] usb 5-3: New USB device strings: Mfr=0, Product=1, SerialNumber=0
[    0.924717] usb 5-3: Product: USB2.0 Hub
[    0.972574] hub 5-3:1.0: USB hub found
[    0.973097] hub 5-3:1.0: 4 ports detected
[    0.976876] usbcore: registered new interface driver rtsx_usb
[    1.036811] usb 4-2: new SuperSpeed USB device number 2 using xhci_hcd
[    1.054516] usb 4-2: New USB device found, idVendor=05e3, idProduct=0620, bcdDevice=23.11
[    1.054521] usb 4-2: New USB device strings: Mfr=1, Product=2, SerialNumber=0
[    1.054524] usb 4-2: Product: USB3.2 Hub
[    1.054526] usb 4-2: Manufacturer: GenesysLogic
[    1.083198] hub 4-2:1.0: USB hub found
[    1.083486] hub 4-2:1.0: 2 ports detected
[    1.090670] usb 5-4: new full-speed USB device number 3 using xhci_hcd
[    1.426233] usb 3-2: new high-speed USB device number 3 using xhci_hcd
[    1.513492] clocksource: tsc: mask: 0xffffffffffffffff max_cycles: 0x2b29cb50635, max_idle_ns: 440795296099 ns
[    1.513723] clocksource: Switched to clocksource tsc
[    1.517439] usb 5-4: New USB device found, idVendor=8087, idProduct=0029, bcdDevice= 0.01
[    1.517452] usb 5-4: New USB device strings: Mfr=0, Product=0, SerialNumber=0
[    1.559081] usb 3-2: New USB device found, idVendor=05e3, idProduct=0610, bcdDevice=23.11
[    1.559091] usb 3-2: New USB device strings: Mfr=1, Product=2, SerialNumber=0
[    1.559094] usb 3-2: Product: USB2.1 Hub
[    1.559097] usb 3-2: Manufacturer: GenesysLogic
[    1.596623] hub 3-2:1.0: USB hub found
[    1.597063] hub 3-2:1.0: 2 ports detected
[    1.630843] usb 4-2.2: new SuperSpeed USB device number 3 using xhci_hcd
[    1.645705] usb 4-2.2: New USB device found, idVendor=0781, idProduct=558b, bcdDevice= 1.00
[    1.645713] usb 4-2.2: New USB device strings: Mfr=1, Product=2, SerialNumber=3
[    1.645715] usb 4-2.2: Product: Extreme
[    1.645716] usb 4-2.2: Manufacturer: SanDisk
[    1.645717] usb 4-2.2: SerialNumber: 4C530000131122110254
[    1.662793] usb-storage 4-2.2:1.0: USB Mass Storage device detected
[    1.662934] scsi host0: usb-storage 4-2.2:1.0
[    1.662989] usbcore: registered new interface driver usb-storage
[    1.783458] usb 3-4: new high-speed USB device number 4 using xhci_hcd
[    1.939458] usb 3-4: New USB device found, idVendor=04f2, idProduct=b641, bcdDevice=52.10
[    1.939473] usb 3-4: New USB device strings: Mfr=2, Product=1, SerialNumber=0
[    1.939477] usb 3-4: Product: HD Webcam
[    1.939480] usb 3-4: Manufacturer: Sonix Technology Co., Ltd.
[    2.718783] scsi 0:0:0:0: Direct-Access     SanDisk  Extreme          1.00 PQ: 0 ANSI: 6
[    2.719230] sd 0:0:0:0: [sda] 122552320 512-byte logical blocks: (62.7 GB/58.4 GiB)
[    2.720208] sd 0:0:0:0: [sda] Write Protect is off
[    2.720210] sd 0:0:0:0: [sda] Mode Sense: 43 00 00 00
[    2.720527] sd 0:0:0:0: [sda] Write cache: disabled, read cache: enabled, doesn't support DPO or FUA
[    2.736443]  sda: sda1 sda2
[    2.737560] sd 0:0:0:0: [sda] Attached SCSI removable disk
[    2.913941] nvme nvme0: Shutdown timeout set to 8 seconds
[    3.002687] nvme nvme0: 16/0/0 default/read/poll queues
[    3.017012]  nvme0n1: p1
[    3.020944] usbcore: registered new interface driver uas
[    3.033732] input: AT Translated Set 2 keyboard as /devices/platform/i8042/serio0/input/input4
[    3.196443] device-mapper: uevent: version 1.0.3
[    3.196497] device-mapper: ioctl: 4.46.0-ioctl (2022-02-22) initialised: dm-devel@redhat.com
[    3.214582] Key type encrypted registered
[    7.401055] raid6: skipped pq benchmark and selected avx2x4
[    7.401058] raid6: using avx2x2 recovery algorithm
[    7.403245] xor: automatically using best checksumming function   avx       
[    7.494921] Btrfs loaded, crc32c=crc32c-intel, zoned=yes, fsverity=yes
[    7.496611] BTRFS: device fsid 0790d929-6ec0-4122-ba64-376f68bbf67b devid 1 transid 52 /dev/dm-0 scanned by systemd-udevd (310)
[    7.582985] BTRFS info (device dm-0): flagging fs with big metadata feature
[    7.582990] BTRFS info (device dm-0): using free space tree
[    7.582991] BTRFS info (device dm-0): has skinny extents
[    7.872940] systemd[1]: systemd 251.2-1-arch running in system mode (+PAM +AUDIT -SELINUX -APPARMOR -IMA +SMACK +SECCOMP +GCRYPT +GNUTLS +OPENSSL +ACL +BLKID +CURL +ELFUTILS +FIDO2 +IDN2 -IDN +IPTC +KMOD +LIBCRYPTSETUP +LIBFDISK +PCRE2 -PWQUALITY +P11KIT -QRENCODE +TPM2 +BZIP2 +LZ4 +XZ +ZLIB +ZSTD -BPF_FRAMEWORK +XKBCOMMON +UTMP -SYSVINIT default-hierarchy=unified)
[    7.872950] systemd[1]: Detected architecture x86-64.
[    7.878190] systemd[1]: Hostname set to <manfred-tuxedopolaris17amdgen1>.
[    8.138451] systemd[1]: Queued start job for default target Graphical Interface.
[    8.139628] systemd[1]: Created slice Slice /system/getty.
[    8.139865] systemd[1]: Created slice Slice /system/modprobe.
[    8.140049] systemd[1]: Created slice Cryptsetup Units Slice.
[    8.140213] systemd[1]: Created slice Slice /system/systemd-fsck.
[    8.140379] systemd[1]: Created slice User and Session Slice.
[    8.140444] systemd[1]: Started Dispatch Password Requests to Console Directory Watch.
[    8.140491] systemd[1]: Started Forward Password Requests to Wall Directory Watch.
[    8.140606] systemd[1]: Set up automount Arbitrary Executable File Formats File System Automount Point.
[    8.140665] systemd[1]: Reached target Login Prompts.
[    8.140690] systemd[1]: Reached target Local Integrity Protected Volumes.
[    8.140723] systemd[1]: Reached target Path Units.
[    8.140750] systemd[1]: Reached target Remote File Systems.
[    8.140772] systemd[1]: Reached target Slice Units.
[    8.140795] systemd[1]: Reached target Swaps.
[    8.140821] systemd[1]: Reached target Local Verity Protected Volumes.
[    8.140874] systemd[1]: Listening on Device-mapper event daemon FIFOs.
[    8.142883] systemd[1]: Listening on LVM2 poll daemon socket.
[    8.143539] systemd[1]: Listening on Process Core Dump Socket.
[    8.144581] systemd[1]: Listening on Journal Audit Socket.
[    8.144663] systemd[1]: Listening on Journal Socket (/dev/log).
[    8.144741] systemd[1]: Listening on Journal Socket.
[    8.145538] systemd[1]: Listening on udev Control Socket.
[    8.145609] systemd[1]: Listening on udev Kernel Socket.
[    8.146175] systemd[1]: Mounting Huge Pages File System...
[    8.146645] systemd[1]: Mounting POSIX Message Queue File System...
[    8.147163] systemd[1]: Mounting Kernel Debug File System...
[    8.147627] systemd[1]: Mounting Kernel Trace File System...
[    8.150254] systemd[1]: tmp.mount: Directory /tmp to mount over is not empty, mounting anyway.
[    8.150753] systemd[1]: Mounting Temporary Directory /tmp...
[    8.151345] systemd[1]: Starting Create List of Static Device Nodes...
[    8.151870] systemd[1]: Starting Monitoring of LVM2 mirrors, snapshots etc. using dmeventd or progress polling...
[    8.152557] systemd[1]: Starting Load Kernel Module configfs...
[    8.153384] systemd[1]: Starting Load Kernel Module drm...
[    8.154101] systemd[1]: Starting Load Kernel Module fuse...
[    8.155330] systemd[1]: Starting Journal Service...
[    8.158309] systemd[1]: Starting Load Kernel Modules...
[    8.158848] systemd[1]: Starting Remount Root and Kernel File Systems...
[    8.158988] systemd[1]: Repartition Root Disk was skipped because all trigger condition checks failed.
[    8.160147] systemd[1]: Starting Coldplug All udev Devices...
[    8.161260] systemd[1]: Mounted Huge Pages File System.
[    8.161371] systemd[1]: Mounted POSIX Message Queue File System.
[    8.161436] systemd[1]: Mounted Kernel Debug File System.
[    8.161497] systemd[1]: Mounted Kernel Trace File System.
[    8.161559] systemd[1]: Mounted Temporary Directory /tmp.
[    8.161697] systemd[1]: Finished Create List of Static Device Nodes.
[    8.161887] systemd[1]: modprobe@configfs.service: Deactivated successfully.
[    8.161954] systemd[1]: Finished Load Kernel Module configfs.
[    8.162105] systemd[1]: modprobe@drm.service: Deactivated successfully.
[    8.162170] systemd[1]: Finished Load Kernel Module drm.
[    8.162848] systemd[1]: Mounting Kernel Configuration File System...
[    8.164533] systemd[1]: Mounted Kernel Configuration File System.
[    8.184337] fuse: init (API version 7.36)
[    8.184865] systemd[1]: modprobe@fuse.service: Deactivated successfully.
[    8.184980] systemd[1]: Finished Load Kernel Module fuse.
[    8.185125] audit: type=1130 audit(1656738249.285:2): pid=1 uid=0 auid=4294967295 ses=4294967295 msg='unit=modprobe@fuse comm="systemd" exe="/usr/lib/systemd/systemd" hostname=? addr=? terminal=? res=success'
[    8.185133] audit: type=1131 audit(1656738249.285:3): pid=1 uid=0 auid=4294967295 ses=4294967295 msg='unit=modprobe@fuse comm="systemd" exe="/usr/lib/systemd/systemd" hostname=? addr=? terminal=? res=success'
[    8.186127] systemd[1]: Mounting FUSE Control File System...
[    8.187214] systemd[1]: Mounted FUSE Control File System.
[    8.201494] systemd[1]: Started Journal Service.
[    8.201647] audit: type=1130 audit(1656738249.301:4): pid=1 uid=0 auid=4294967295 ses=4294967295 msg='unit=systemd-journald comm="systemd" exe="/usr/lib/systemd/systemd" hostname=? addr=? terminal=? res=success'
[    8.256169] audit: type=1130 audit(1656738249.356:5): pid=1 uid=0 auid=4294967295 ses=4294967295 msg='unit=systemd-udev-trigger comm="systemd" exe="/usr/lib/systemd/systemd" hostname=? addr=? terminal=? res=success'
[    8.275867] IPMI message handler: version 39.2
[    8.288230] ipmi device interface
[    8.361272] BTRFS info (device dm-0: state M): use zstd compression, level 3
[    8.361284] BTRFS info (device dm-0: state M): using free space tree
[    8.362571] audit: type=1130 audit(1656738249.462:6): pid=1 uid=0 auid=4294967295 ses=4294967295 msg='unit=systemd-remount-fs comm="systemd" exe="/usr/lib/systemd/systemd" hostname=? addr=? terminal=? res=success'
[    8.398703] audit: type=1130 audit(1656738249.498:7): pid=1 uid=0 auid=4294967295 ses=4294967295 msg='unit=lvm2-monitor comm="systemd" exe="/usr/lib/systemd/systemd" hostname=? addr=? terminal=? res=success'
[    8.534860] audit: type=1130 audit(1656738249.634:8): pid=1 uid=0 auid=4294967295 ses=4294967295 msg='unit=systemd-random-seed comm="systemd" exe="/usr/lib/systemd/systemd" hostname=? addr=? terminal=? res=success'
[    8.645134] audit: type=1130 audit(1656738249.745:9): pid=1 uid=0 auid=4294967295 ses=4294967295 msg='unit=systemd-tmpfiles-setup-dev comm="systemd" exe="/usr/lib/systemd/systemd" hostname=? addr=? terminal=? res=success'
[    8.646170] audit: type=1334 audit(1656738249.746:10): prog-id=9 op=LOAD
[    8.646218] audit: type=1334 audit(1656738249.746:11): prog-id=10 op=LOAD
[    8.700523] nvidia: loading out-of-tree module taints kernel.
[    8.700535] nvidia: module license 'NVIDIA' taints kernel.
[    8.700536] Disabling lock debugging due to kernel taint
[    8.735944] nvidia: module verification failed: signature and/or required key missing - tainting kernel
[    8.772636] acpi_cpufreq: overriding BIOS provided _PSD data
[    8.892645] BTRFS info: devid 1 device path /dev/mapper/luks-3cfb44c0-125f-43e8-b616-07b989a61644 changed to /dev/dm-0 scanned by systemd-udevd (396)
[    8.893858] BTRFS info: devid 1 device path /dev/dm-0 changed to /dev/mapper/luks-3cfb44c0-125f-43e8-b616-07b989a61644 scanned by systemd-udevd (396)
[    8.964392] ACPI: video: Video Device [VGA] (multi-head: yes  rom: no  post: no)
[    8.964937] acpi device:0f: registered as cooling_device12
[    8.965038] nvidia-gpu 0000:01:00.3: enabling device (0000 -> 0002)
[    8.965162] input: Video Bus as /devices/LNXSYSTM:00/LNXSYBUS:00/PNP0A08:00/device:0e/LNXVIDEO:00/input/input5
[    8.965420] nvidia-nvlink: Nvlink Core is being initialized, major device number 510

[    8.965824] mc: Linux media interface: v0.10
[    8.966708] nvidia 0000:01:00.0: enabling device (0000 -> 0003)
[    8.966861] nvidia 0000:01:00.0: vgaarb: changed VGA decodes: olddecodes=io+mem,decodes=none:owns=none
[    8.987723] piix4_smbus 0000:00:14.0: SMBus Host Controller at 0xb00, revision 0
[    8.987729] piix4_smbus 0000:00:14.0: Using register 0x02 for SMBus port selection
[    8.987869] piix4_smbus 0000:00:14.0: Auxiliary SMBus Host Controller at 0xb20
[    9.001303] videodev: Linux video capture interface: v2.00
[    9.012074] NVRM: loading NVIDIA UNIX x86_64 Kernel Module  515.48.07  Fri May 27 03:26:43 UTC 2022
[    9.029044] cfg80211: Loading compiled-in X.509 certificates for regulatory database
[    9.029243] cfg80211: Loaded X.509 cert 'sforshee: 00b28ddf47aef9cea7'
[    9.038265] Bluetooth: Core ver 2.22
[    9.038296] NET: Registered PF_BLUETOOTH protocol family
[    9.038298] Bluetooth: HCI device and connection manager initialized
[    9.038302] Bluetooth: HCI socket layer initialized
[    9.038305] Bluetooth: L2CAP socket layer initialized
[    9.038310] Bluetooth: SCO socket layer initialized
[    9.044745] systemd-journald[382]: Received client request to flush runtime journal.
[    9.066641] nvidia-modeset: Loading NVIDIA Kernel Mode Setting Driver for UNIX platforms  515.48.07  Fri May 27 03:18:00 UTC 2022
[    9.121325] input: UNIW0001:00 093A:0255 Mouse as /devices/platform/AMDI0010:01/i2c-0/i2c-UNIW0001:00/0018:093A:0255.0001/input/input6
[    9.121437] input: UNIW0001:00 093A:0255 Touchpad as /devices/platform/AMDI0010:01/i2c-0/i2c-UNIW0001:00/0018:093A:0255.0001/input/input7
[    9.121516] hid-generic 0018:093A:0255.0001: input,hidraw0: I2C HID v1.00 Mouse [UNIW0001:00 093A:0255] on i2c-UNIW0001:00
[    9.245598] [drm] [nvidia-drm] [GPU ID 0x00000100] Loading driver
[    9.289258] ACPI Warning: \_SB.PCI0.GPP0.PEGP._DSM: Argument #4 type mismatch - Found [Buffer], ACPI requires [Package] (20211217/nsarguments-61)
[    9.309224] input: PC Speaker as /devices/platform/pcspkr/input/input8
[    9.309562] sp5100_tco: SP5100/SB800 TCO WatchDog Timer Driver
[    9.309711] sp5100-tco sp5100-tco: Using 0xfeb00000 for watchdog MMIO address
[    9.309950] sp5100-tco sp5100-tco: initialized. heartbeat=60 sec (nowayout=0)
[    9.310288] nvidia_uvm: module uses symbols from proprietary module nvidia, inheriting taint.
[    9.313690] RAPL PMU: API unit is 2^-32 Joules, 1 fixed counters, 163840 ms ovfl timer
[    9.313694] RAPL PMU: hw unit of domain package 2^-16 Joules
[    9.358100] r8169 0000:02:00.0: can't disable ASPM; OS doesn't have ASPM control
[    9.366808] r8169 0000:02:00.0 eth0: RTL8168h/8111h, b0:25:aa:40:1b:86, XID 541, IRQ 87
[    9.366813] r8169 0000:02:00.0 eth0: jumbo features [frames: 9194 bytes, tx checksumming: ko]
[    9.397398] Intel(R) Wireless WiFi driver for Linux
[    9.397474] iwlwifi 0000:03:00.0: enabling device (0000 -> 0002)
[    9.401698] iwlwifi 0000:03:00.0: Direct firmware load for iwlwifi-cc-a0-72.ucode failed with error -2
[    9.419663] r8169 0000:02:00.0 enp2s0: renamed from eth0
[    9.497842] iwlwifi 0000:03:00.0: api flags index 2 larger than supported by driver
[    9.497857] iwlwifi 0000:03:00.0: TLV_FW_FSEQ_VERSION: FSEQ Version: 89.3.35.37
[    9.498286] iwlwifi 0000:03:00.0: loaded firmware version 71.058653f6.0 cc-a0-71.ucode op_mode iwlmvm
[    9.520794] usb 3-4: Found UVC 1.00 device HD Webcam (04f2:b641)
[    9.522284] asus_wmi: ASUS WMI generic driver loaded
[    9.522376] usbcore: registered new interface driver btusb
[    9.523361] input: UNIW0001:00 093A:0255 Mouse as /devices/platform/AMDI0010:01/i2c-0/i2c-UNIW0001:00/0018:093A:0255.0001/input/input9
[    9.523411] input: UNIW0001:00 093A:0255 Touchpad as /devices/platform/AMDI0010:01/i2c-0/i2c-UNIW0001:00/0018:093A:0255.0001/input/input10
[    9.523445] hid-multitouch 0018:093A:0255.0001: input,hidraw0: I2C HID v1.00 Mouse [UNIW0001:00 093A:0255] on i2c-UNIW0001:00
[    9.524073] Bluetooth: hci0: Bootloader revision 0.3 build 0 week 24 2017
[    9.526079] Bluetooth: hci0: Device revision is 1
[    9.526082] Bluetooth: hci0: Secure boot is enabled
[    9.526082] Bluetooth: hci0: OTP lock is enabled
[    9.526083] Bluetooth: hci0: API lock is enabled
[    9.526083] Bluetooth: hci0: Debug lock is disabled
[    9.526084] Bluetooth: hci0: Minimum firmware build 1 week 10 2014
[    9.535379] input: HD Webcam: HD Webcam as /devices/pci0000:00/0000:00:08.1/0000:06:00.3/usb3/3-4/3-4:1.0/input/input11
[    9.535433] usbcore: registered new interface driver uvcvideo
[    9.602318] asus_wmi: ASUS Management GUID not found
[    9.602368] mousedev: PS/2 mouse device common for all mice
[    9.603145] SVM: TSC scaling supported
[    9.603147] kvm: Nested Virtualization enabled
[    9.603155] SVM: kvm: Nested Paging enabled
[    9.603174] SVM: Virtual VMLOAD VMSAVE supported
[    9.603175] SVM: Virtual GIF supported
[    9.603175] SVM: LBR virtualization supported
[    9.613024] [drm] amdgpu kernel modesetting enabled.
[    9.613048] amdgpu: vga_switcheroo: detected switching method \_SB_.PCI0.GP17.VGA_.ATPX handle
[    9.613137] ATPX version 1, functions 0x00000000
[    9.620977] amdgpu: Virtual CRAT table created for CPU
[    9.620987] amdgpu: Topology: Add CPU node
[    9.621063] checking generic (d0000000 7f0000) vs hw (d0000000 10000000)
[    9.621066] checking generic (d0000000 7f0000) vs hw (d0000000 10000000)
[    9.621067] fb0: switching to amdgpu from EFI VGA
[    9.643351] snd_hda_intel 0000:01:00.1: enabling device (0000 -> 0002)
[    9.643431] snd_hda_intel 0000:01:00.1: Disabling MSI
[    9.643434] snd_hda_intel 0000:01:00.1: Handle vga_switcheroo audio client
[    9.643539] snd_hda_intel 0000:06:00.6: enabling device (0000 -> 0002)
[    9.655748] Bluetooth: hci0: Found device firmware: intel/ibt-20-1-3.sfi
[    9.655815] Bluetooth: hci0: Boot Address: 0x24800
[    9.655816] Bluetooth: hci0: Firmware Version: 255-255.255
[    9.665243] MCE: In-kernel MCE decoding enabled.
[    9.689018] iwlwifi 0000:03:00.0: Detected Intel(R) Wi-Fi 6 AX200 160MHz, REV=0x340
[    9.689071] thermal thermal_zone1: failed to read out thermal zone (-61)
[    9.723468] input: HDA NVidia HDMI/DP,pcm=3 as /devices/pci0000:00/0000:00:01.1/0000:01:00.1/sound/card0/input12
[    9.723546] input: HDA NVidia HDMI/DP,pcm=7 as /devices/pci0000:00/0000:00:01.1/0000:01:00.1/sound/card0/input13
[    9.723609] input: HDA NVidia HDMI/DP,pcm=8 as /devices/pci0000:00/0000:00:01.1/0000:01:00.1/sound/card0/input14
[    9.723676] input: HDA NVidia HDMI/DP,pcm=9 as /devices/pci0000:00/0000:00:01.1/0000:01:00.1/sound/card0/input15
[    9.723763] input: HDA NVidia HDMI/DP,pcm=10 as /devices/pci0000:00/0000:00:01.1/0000:01:00.1/sound/card0/input16
[    9.723831] input: HDA NVidia HDMI/DP,pcm=11 as /devices/pci0000:00/0000:00:01.1/0000:01:00.1/sound/card0/input17
[    9.743898] snd_hda_codec_realtek hdaudioC1D0: autoconfig for ALC274: line_outs=1 (0x17/0x0/0x0/0x0/0x0) type:speaker
[    9.743913] snd_hda_codec_realtek hdaudioC1D0:    speaker_outs=0 (0x0/0x0/0x0/0x0/0x0)
[    9.743915] snd_hda_codec_realtek hdaudioC1D0:    hp_outs=1 (0x21/0x0/0x0/0x0/0x0)
[    9.743916] snd_hda_codec_realtek hdaudioC1D0:    mono: mono_out=0x0
[    9.743916] snd_hda_codec_realtek hdaudioC1D0:    inputs:
[    9.743917] snd_hda_codec_realtek hdaudioC1D0:      Mic=0x1a
[    9.743918] snd_hda_codec_realtek hdaudioC1D0:      Internal Mic=0x12
[    9.780453] intel_rapl_common: Found RAPL domain package
[    9.780457] intel_rapl_common: Found RAPL domain core
[    9.818295] iwlwifi 0000:03:00.0: Detected RF HR B3, rfid=0x10a100
[    9.860486] Console: switching to colour dummy device 80x25
[    9.860639] amdgpu 0000:06:00.0: vgaarb: deactivate vga console
[    9.860677] amdgpu 0000:06:00.0: enabling device (0006 -> 0007)
[    9.860767] [drm] initializing kernel modesetting (RENOIR 0x1002:0x1636 0x1D05:0x1100 0xC7).
[    9.860773] amdgpu 0000:06:00.0: amdgpu: Trusted Memory Zone (TMZ) feature enabled
[    9.861295] [drm] register mmio base: 0xFC500000
[    9.861299] [drm] register mmio size: 524288
[    9.862605] [drm] add ip block number 0 <soc15_common>
[    9.862608] [drm] add ip block number 1 <gmc_v9_0>
[    9.862609] [drm] add ip block number 2 <vega10_ih>
[    9.862610] [drm] add ip block number 3 <psp>
[    9.862611] [drm] add ip block number 4 <smu>
[    9.862611] [drm] add ip block number 5 <dm>
[    9.862612] [drm] add ip block number 6 <gfx_v9_0>
[    9.862613] [drm] add ip block number 7 <sdma_v4_0>
[    9.862614] [drm] add ip block number 8 <vcn_v2_0>
[    9.862615] [drm] add ip block number 9 <jpeg_v2_0>
[    9.862632] amdgpu 0000:06:00.0: amdgpu: Fetched VBIOS from VFCT
[    9.862634] amdgpu: ATOM BIOS: 113-RENOIR-026
[    9.884304] iwlwifi 0000:03:00.0: base HW address: 18:26:49:0f:db:6a
[    9.915422] [drm] VCN decode is enabled in VM mode
[    9.915426] [drm] VCN encode is enabled in VM mode
[    9.915428] [drm] JPEG decode is enabled in VM mode
[    9.915432] amdgpu 0000:06:00.0: amdgpu: PCIE atomic ops is not supported
[    9.915448] amdgpu 0000:06:00.0: amdgpu: MODE2 reset
[    9.915574] [drm] vm size is 262144 GB, 4 levels, block size is 9-bit, fragment size is 9-bit
[    9.915581] amdgpu 0000:06:00.0: amdgpu: VRAM: 512M 0x000000F400000000 - 0x000000F41FFFFFFF (512M used)
[    9.915583] amdgpu 0000:06:00.0: amdgpu: GART: 1024M 0x0000000000000000 - 0x000000003FFFFFFF
[    9.915585] amdgpu 0000:06:00.0: amdgpu: AGP: 267419648M 0x000000F800000000 - 0x0000FFFFFFFFFFFF
[    9.915590] [drm] Detected VRAM RAM=512M, BAR=512M
[    9.915591] [drm] RAM width 64bits DDR4
[    9.915642] [drm] amdgpu: 512M of VRAM memory ready
[    9.915644] [drm] amdgpu: 3072M of GTT memory ready.
[    9.915668] [drm] GART: num cpu pages 262144, num gpu pages 262144
[    9.915793] [drm] PCIE GART of 1024M enabled.
[    9.915794] [drm] PTB located at 0x000000F400900000
[    9.934995] nvidia-uvm: Loaded the UVM driver, major device number 504.
[    9.950522] Asymmetric key parser 'pkcs8' registered
[    9.951908] [drm] Initialized nvidia-drm 0.0.0 20160202 for 0000:01:00.0 on minor 0
[    9.955475] amdgpu 0000:06:00.0: amdgpu: PSP runtime database doesn't exist
[    9.969117] [drm] Loading DMUB firmware via PSP: version=0x01010020
[   10.084811] [drm] Found VCN firmware Version ENC: 1.17 DEC: 5 VEP: 0 Revision: 2
[   10.084837] amdgpu 0000:06:00.0: amdgpu: Will use PSP to load VCN firmware
[   10.202031] input: HD-Audio Generic Mic as /devices/pci0000:00/0000:00:08.1/0000:06:00.6/sound/card1/input18
[   10.202071] input: HD-Audio Generic Front Headphone as /devices/pci0000:00/0000:00:08.1/0000:06:00.6/sound/card1/input19
[   10.643302] nvidia-gpu 0000:01:00.3: i2c timeout error e0000000
[   10.643314] ucsi_ccg 1-0008: i2c_transfer failed -110
[   10.643320] ucsi_ccg 1-0008: ucsi_ccg_init failed - -110
[   10.643326] ucsi_ccg: probe of 1-0008 failed with error -110
[   10.696979] [drm] reserve 0x400000 from 0xf41f800000 for PSP TMR
[   10.767934] amdgpu 0000:06:00.0: amdgpu: RAS: optional ras ta ucode is not available
[   10.774928] amdgpu 0000:06:00.0: amdgpu: RAP: optional rap ta ucode is not available
[   10.774932] amdgpu 0000:06:00.0: amdgpu: SECUREDISPLAY: securedisplay ta ucode is not available
[   10.776294] amdgpu 0000:06:00.0: amdgpu: SMU is initialized successfully!
[   10.777130] [drm] Display Core initialized with v3.2.177!
[   10.777663] [drm] DMUB hardware initialized: version=0x01010020
[   10.933433] [drm] kiq ring mec 2 pipe 1 q 0
[   10.937338] [drm] VCN decode and encode initialized successfully(under DPG Mode).
[   10.937350] [drm] JPEG decode initialized successfully.
[   10.938926] kfd kfd: amdgpu: Allocated 3969056 bytes on gart
[   10.950674] memmap_init_zone_device initialised 131072 pages in 1ms
[   10.950683] amdgpu: HMM registered 512MB device memory
[   10.950715] amdgpu: SRAT table not found
[   10.950716] amdgpu: Virtual CRAT table created for GPU
[   10.951366] amdgpu: Topology: Add dGPU node [0x1636:0x1002]
[   10.951370] kfd kfd: amdgpu: added device 1002:1636
[   10.951444] amdgpu 0000:06:00.0: amdgpu: SE 1, SH per SE 1, CU per SH 8, active_cu_number 6
[   10.951509] amdgpu 0000:06:00.0: amdgpu: ring gfx uses VM inv eng 0 on hub 0
[   10.951510] amdgpu 0000:06:00.0: amdgpu: ring comp_1.0.0 uses VM inv eng 1 on hub 0
[   10.951511] amdgpu 0000:06:00.0: amdgpu: ring comp_1.1.0 uses VM inv eng 4 on hub 0
[   10.951512] amdgpu 0000:06:00.0: amdgpu: ring comp_1.2.0 uses VM inv eng 5 on hub 0
[   10.951513] amdgpu 0000:06:00.0: amdgpu: ring comp_1.3.0 uses VM inv eng 6 on hub 0
[   10.951514] amdgpu 0000:06:00.0: amdgpu: ring comp_1.0.1 uses VM inv eng 7 on hub 0
[   10.951514] amdgpu 0000:06:00.0: amdgpu: ring comp_1.1.1 uses VM inv eng 8 on hub 0
[   10.951515] amdgpu 0000:06:00.0: amdgpu: ring comp_1.2.1 uses VM inv eng 9 on hub 0
[   10.951516] amdgpu 0000:06:00.0: amdgpu: ring comp_1.3.1 uses VM inv eng 10 on hub 0
[   10.951517] amdgpu 0000:06:00.0: amdgpu: ring kiq_2.1.0 uses VM inv eng 11 on hub 0
[   10.951518] amdgpu 0000:06:00.0: amdgpu: ring sdma0 uses VM inv eng 0 on hub 1
[   10.951519] amdgpu 0000:06:00.0: amdgpu: ring vcn_dec uses VM inv eng 1 on hub 1
[   10.951520] amdgpu 0000:06:00.0: amdgpu: ring vcn_enc0 uses VM inv eng 4 on hub 1
[   10.951520] amdgpu 0000:06:00.0: amdgpu: ring vcn_enc1 uses VM inv eng 5 on hub 1
[   10.951521] amdgpu 0000:06:00.0: amdgpu: ring jpeg_dec uses VM inv eng 6 on hub 1
[   10.952461] [drm] Initialized amdgpu 3.46.0 20150101 for 0000:06:00.0 on minor 1
[   10.957837] fbcon: amdgpudrmfb (fb0) is primary device
[   10.957884] [drm] DSC precompute is not needed.
[   11.015474] Console: switching to colour frame buffer device 240x67
[   11.025296] amdgpu 0000:06:00.0: [drm] fb0: amdgpudrmfb frame buffer device
[   11.047045] Bluetooth: hci0: Waiting for firmware download to complete
[   11.048031] Bluetooth: hci0: Firmware loaded in 1359646 usecs
[   11.048099] Bluetooth: hci0: Waiting for device to boot
[   11.064027] Bluetooth: hci0: Device booted in 15592 usecs
[   11.064032] Bluetooth: hci0: Malformed MSFT vendor event: 0x02
[   11.065641] Bluetooth: hci0: Found Intel DDC parameters: intel/ibt-20-1-3.ddc
[   11.071029] Bluetooth: hci0: Applying Intel DDC parameters completed
[   11.074093] Bluetooth: hci0: Firmware revision 0.3 build 118 week 17 2022
[   11.758070] Generic FE-GE Realtek PHY r8169-0-200:00: attached PHY driver (mii_bus:phy_addr=r8169-0-200:00, irq=MAC)
[   11.934097] r8169 0000:02:00.0 enp2s0: Link is Down
[   13.886989] kauditd_printk_skb: 46 callbacks suppressed
[   13.886994] audit: type=1100 audit(1656738254.986:54): pid=725 uid=0 auid=4294967295 ses=4294967295 msg='op=PAM:authentication grantors=pam_permit acct="sddm" exe="/usr/lib/sddm/sddm-helper" hostname=? addr=? terminal=? res=success'
[   13.887012] audit: type=1101 audit(1656738254.986:55): pid=725 uid=0 auid=4294967295 ses=4294967295 msg='op=PAM:accounting grantors=pam_permit acct="sddm" exe="/usr/lib/sddm/sddm-helper" hostname=? addr=? terminal=? res=success'
[   13.888535] audit: type=1103 audit(1656738254.988:56): pid=725 uid=0 auid=4294967295 ses=4294967295 msg='op=PAM:setcred grantors=pam_permit acct="sddm" exe="/usr/lib/sddm/sddm-helper" hostname=? addr=? terminal=? res=success'
[   13.907182] audit: type=1130 audit(1656738255.007:57): pid=1 uid=0 auid=4294967295 ses=4294967295 msg='unit=user-runtime-dir@968 comm="systemd" exe="/usr/lib/systemd/systemd" hostname=? addr=? terminal=? res=success'
[   13.925761] audit: type=1101 audit(1656738255.025:58): pid=727 uid=0 auid=4294967295 ses=4294967295 msg='op=PAM:accounting grantors=pam_access,pam_unix,pam_permit,pam_time acct="sddm" exe="/usr/lib/systemd/systemd" hostname=? addr=? terminal=? res=success'
[   13.925773] audit: type=1103 audit(1656738255.025:59): pid=727 uid=0 auid=4294967295 ses=4294967295 msg='op=PAM:setcred grantors=? acct="sddm" exe="/usr/lib/systemd/systemd" hostname=? addr=? terminal=? res=failed'
[   13.925836] audit: type=1006 audit(1656738255.025:60): pid=727 uid=0 old-auid=4294967295 auid=968 tty=(none) old-ses=4294967295 ses=1 res=1
[   13.925847] audit: type=1300 audit(1656738255.025:60): arch=c000003e syscall=1 success=yes exit=3 a0=9 a1=7ffe64fcfd10 a2=3 a3=7ffe64fcfa25 items=0 ppid=1 pid=727 auid=968 uid=0 gid=0 euid=0 suid=0 fsuid=0 egid=0 sgid=0 fsgid=0 tty=(none) ses=1 comm="(systemd)" exe="/usr/lib/systemd/systemd" key=(null)
[   13.925852] audit: type=1327 audit(1656738255.025:60): proctitle="(systemd)"
[   13.926944] audit: type=1105 audit(1656738255.026:61): pid=727 uid=0 auid=968 ses=1 msg='op=PAM:session_open grantors=pam_loginuid,pam_loginuid,pam_keyinit,pam_systemd_home,pam_limits,pam_unix,pam_permit,pam_mail,pam_systemd,pam_env acct="sddm" exe="/usr/lib/systemd/systemd" hostname=? addr=? terminal=? res=success'
[   14.758219] wlan0: authenticate with 44:4e:6d:93:1d:88
[   14.758243] wlan0: Invalid HE elem, Disable HE
[   14.767071] wlan0: send auth to 44:4e:6d:93:1d:88 (try 1/3)
[   14.957497] wlan0: authenticate with 44:4e:6d:93:1d:88
[   14.957503] wlan0: send auth to 44:4e:6d:93:1d:88 (try 1/3)
[   15.015570] wlan0: authenticated
[   15.016022] wlan0: associate with 44:4e:6d:93:1d:88 (try 1/3)
[   15.020172] wlan0: RX AssocResp from 44:4e:6d:93:1d:88 (capab=0x1511 status=0 aid=2)
[   15.023136] wlan0: associated
[   15.070428] wlan0: Limiting TX power to 27 (30 - 3) dBm as advertised by 44:4e:6d:93:1d:88
[   15.104624] IPv6: ADDRCONF(NETDEV_CHANGE): wlan0: link becomes ready
[   19.548060] kauditd_printk_skb: 10 callbacks suppressed
[   19.548065] audit: type=1100 audit(1656738260.648:70): pid=796 uid=0 auid=4294967295 ses=4294967295 msg='op=PAM:authentication grantors=pam_shells,pam_faillock,pam_permit,pam_faillock acct="manfred" exe="/usr/lib/sddm/sddm-helper" hostname=? addr=? terminal=? res=success'
[   19.548209] audit: type=1101 audit(1656738260.648:71): pid=796 uid=0 auid=4294967295 ses=4294967295 msg='op=PAM:accounting grantors=pam_access,pam_unix,pam_permit,pam_time acct="manfred" exe="/usr/lib/sddm/sddm-helper" hostname=? addr=? terminal=? res=success'
[   19.548509] audit: type=1103 audit(1656738260.648:72): pid=796 uid=0 auid=4294967295 ses=4294967295 msg='op=PAM:setcred grantors=pam_shells,pam_faillock,pam_permit,pam_faillock acct="manfred" exe="/usr/lib/sddm/sddm-helper" hostname=? addr=? terminal=? res=success'
[   19.548596] audit: type=1006 audit(1656738260.648:73): pid=796 uid=0 old-auid=4294967295 auid=1000 tty=(none) old-ses=4294967295 ses=2 res=1
[   19.548601] audit: type=1300 audit(1656738260.648:73): arch=c000003e syscall=1 success=yes exit=4 a0=8 a1=7ffeac999840 a2=4 a3=7ffeac999554 items=0 ppid=658 pid=796 auid=1000 uid=0 gid=0 euid=0 suid=0 fsuid=0 egid=0 sgid=0 fsgid=0 tty=(none) ses=2 comm="sddm-helper" exe="/usr/lib/sddm/sddm-helper" key=(null)
[   19.548610] audit: type=1327 audit(1656738260.648:73): proctitle=2F7573722F6C69622F7364646D2F7364646D2D68656C706572002D2D736F636B6574002F746D702F7364646D2D6175746862306364376536352D323231642D346233382D393466352D373763616338393965326539002D2D69640031002D2D7374617274002F7573722F62696E2F7374617274706C61736D612D783131002D2D
[   19.565907] audit: type=1130 audit(1656738260.665:74): pid=1 uid=0 auid=4294967295 ses=4294967295 msg='unit=user-runtime-dir@1000 comm="systemd" exe="/usr/lib/systemd/systemd" hostname=? addr=? terminal=? res=success'
[   19.573138] audit: type=1101 audit(1656738260.673:75): pid=798 uid=0 auid=4294967295 ses=4294967295 msg='op=PAM:accounting grantors=pam_access,pam_unix,pam_permit,pam_time acct="manfred" exe="/usr/lib/systemd/systemd" hostname=? addr=? terminal=? res=success'
[   19.573176] audit: type=1103 audit(1656738260.673:76): pid=798 uid=0 auid=4294967295 ses=4294967295 msg='op=PAM:setcred grantors=? acct="manfred" exe="/usr/lib/systemd/systemd" hostname=? addr=? terminal=? res=failed'
[   19.573237] audit: type=1006 audit(1656738260.673:77): pid=798 uid=0 old-auid=4294967295 auid=1000 tty=(none) old-ses=4294967295 ses=3 res=1
[   29.613778] kauditd_printk_skb: 9 callbacks suppressed
[   29.613782] audit: type=1131 audit(1656738270.713:85): pid=1 uid=0 auid=4294967295 ses=4294967295 msg='unit=user@968 comm="systemd" exe="/usr/lib/systemd/systemd" hostname=? addr=? terminal=? res=success'
[   29.619272] audit: type=1131 audit(1656738270.719:86): pid=1 uid=0 auid=4294967295 ses=4294967295 msg='unit=user-runtime-dir@968 comm="systemd" exe="/usr/lib/systemd/systemd" hostname=? addr=? terminal=? res=success'
[   40.643156] systemd-journald[382]: Time jumped backwards, rotating.
[   41.591913] audit: type=1131 audit(1656738281.885:87): pid=1 uid=0 auid=4294967295 ses=4294967295 msg='unit=systemd-hostnamed comm="systemd" exe="/usr/lib/systemd/systemd" hostname=? addr=? terminal=? res=success'
[   41.634092] audit: type=1334 audit(1656738281.928:88): prog-id=0 op=UNLOAD
[   41.634101] audit: type=1334 audit(1656738281.928:89): prog-id=0 op=UNLOAD
[   41.634105] audit: type=1334 audit(1656738281.928:90): prog-id=0 op=UNLOAD
[   51.912284] usb 3-3: new high-speed USB device number 5 using xhci_hcd
[   52.044060] usb 3-3: New USB device found, idVendor=090c, idProduct=1000, bcdDevice=11.00
[   52.044074] usb 3-3: New USB device strings: Mfr=1, Product=2, SerialNumber=3
[   52.044077] usb 3-3: Product: Flash Disk
[   52.044080] usb 3-3: Manufacturer: USB
[   52.044083] usb 3-3: SerialNumber: SCY0000000547819
[   52.044808] usb-storage 3-3:1.0: USB Mass Storage device detected
[   52.045046] usb-storage 3-3:1.0: Quirks match for vid 090c pid 1000: 400
[   52.045124] scsi host1: usb-storage 3-3:1.0
[   53.404602] scsi 1:0:0:0: Direct-Access     USB      Flash Disk       1100 PQ: 0 ANSI: 4
[   53.406373] sd 1:0:0:0: [sdb] 15974400 512-byte logical blocks: (8.18 GB/7.62 GiB)
[   53.407364] sd 1:0:0:0: [sdb] Write Protect is off
[   53.407370] sd 1:0:0:0: [sdb] Mode Sense: 43 00 00 00
[   53.408366] sd 1:0:0:0: [sdb] Write cache: enabled, read cache: enabled, doesn't support DPO or FUA
[   53.415507]  sdb: sdb1
[   53.418642] sd 1:0:0:0: [sdb] Attached SCSI removable disk
[   59.014396] wlan0: Connection to AP 44:4e:6d:93:1d:88 lost
[   59.264666] wlan0: authenticate with 44:4e:6d:93:1d:87
[   59.264692] wlan0: Invalid HE elem, Disable HE
[   59.264694] wlan0: 80 MHz not supported, disabling VHT
[   59.268088] wlan0: send auth to 44:4e:6d:93:1d:87 (try 1/3)
[   59.457333] wlan0: authenticate with 44:4e:6d:93:1d:87
[   59.457342] wlan0: send auth to 44:4e:6d:93:1d:87 (try 1/3)
[   59.512939] wlan0: authenticated
[   59.514028] wlan0: associate with 44:4e:6d:93:1d:87 (try 1/3)
[   59.525127] wlan0: RX AssocResp from 44:4e:6d:93:1d:87 (capab=0x1431 status=0 aid=2)
[   59.544896] wlan0: associated
[   59.602247] wlan0: Limiting TX power to 20 (20 - 0) dBm as advertised by 44:4e:6d:93:1d:87
[   60.516571] audit: type=1130 audit(1656738300.810:91): pid=1 uid=0 auid=4294967295 ses=4294967295 msg='unit=NetworkManager-dispatcher comm="systemd" exe="/usr/lib/systemd/systemd" hostname=? addr=? terminal=? res=success'
[   70.528275] audit: type=1131 audit(1656738310.822:92): pid=1 uid=0 auid=4294967295 ses=4294967295 msg='unit=NetworkManager-dispatcher comm="systemd" exe="/usr/lib/systemd/systemd" hostname=? addr=? terminal=? res=success'
[   71.836142] EXT4-fs (sdb1): mounted filesystem with ordered data mode. Quota mode: none.
[  106.229287] wlan0: disconnect from AP 44:4e:6d:93:1d:87 for new auth to 44:4e:6d:93:1d:88
[  106.254830] wlan0: authenticate with 44:4e:6d:93:1d:88
[  106.254872] wlan0: Invalid HE elem, Disable HE
[  106.258819] wlan0: send auth to 44:4e:6d:93:1d:88 (try 1/3)
[  106.288585] wlan0: authenticated
[  106.288897] wlan0: associate with 44:4e:6d:93:1d:88 (try 1/3)
[  106.291800] wlan0: RX ReassocResp from 44:4e:6d:93:1d:88 (capab=0x1511 status=0 aid=2)
[  106.299007] wlan0: associated
[  106.306894] wlan0: Limiting TX power to 27 (30 - 3) dBm as advertised by 44:4e:6d:93:1d:88
[  107.279052] audit: type=1130 audit(1656738347.576:93): pid=1 uid=0 auid=4294967295 ses=4294967295 msg='unit=NetworkManager-dispatcher comm="systemd" exe="/usr/lib/systemd/systemd" hostname=? addr=? terminal=? res=success'
[  113.299778] audit: type=1100 audit(1656738353.597:94): pid=2366 uid=1000 auid=1000 ses=3 msg='op=PAM:authentication grantors=pam_faillock,pam_permit,pam_faillock acct="manfred" exe="/usr/bin/sudo" hostname=? addr=? terminal=/dev/pts/0 res=success'
[  113.300126] audit: type=1101 audit(1656738353.597:95): pid=2366 uid=1000 auid=1000 ses=3 msg='op=PAM:accounting grantors=pam_unix,pam_permit,pam_time acct="manfred" exe="/usr/bin/sudo" hostname=? addr=? terminal=/dev/pts/0 res=success'
[  113.301138] audit: type=1110 audit(1656738353.598:96): pid=2366 uid=1000 auid=1000 ses=3 msg='op=PAM:setcred grantors=pam_faillock,pam_permit,pam_faillock acct="root" exe="/usr/bin/sudo" hostname=? addr=? terminal=/dev/pts/0 res=success'
[  113.301362] audit: type=1105 audit(1656738353.598:97): pid=2366 uid=1000 auid=1000 ses=3 msg='op=PAM:session_open grantors=pam_systemd_home,pam_limits,pam_unix,pam_permit acct="root" exe="/usr/bin/sudo" hostname=? addr=? terminal=/dev/pts/0 res=success'
[  117.288435] audit: type=1131 audit(1656738357.585:98): pid=1 uid=0 auid=4294967295 ses=4294967295 msg='unit=NetworkManager-dispatcher comm="systemd" exe="/usr/lib/systemd/systemd" hostname=? addr=? terminal=? res=success'
[  117.853148] audit: type=1106 audit(1656738358.150:99): pid=2366 uid=1000 auid=1000 ses=3 msg='op=PAM:session_close grantors=pam_systemd_home,pam_limits,pam_unix,pam_permit acct="root" exe="/usr/bin/sudo" hostname=? addr=? terminal=/dev/pts/0 res=success'
[  117.853212] audit: type=1104 audit(1656738358.150:100): pid=2366 uid=1000 auid=1000 ses=3 msg='op=PAM:setcred grantors=pam_faillock,pam_permit,pam_faillock acct="root" exe="/usr/bin/sudo" hostname=? addr=? terminal=/dev/pts/0 res=success'
[  268.216472] audit: type=1101 audit(1656738508.514:101): pid=2566 uid=1000 auid=1000 ses=3 msg='op=PAM:accounting grantors=pam_unix,pam_permit,pam_time acct="manfred" exe="/usr/bin/sudo" hostname=? addr=? terminal=/dev/pts/0 res=success'
[  268.216836] audit: type=1110 audit(1656738508.515:102): pid=2566 uid=1000 auid=1000 ses=3 msg='op=PAM:setcred grantors=pam_faillock,pam_permit,pam_env,pam_faillock acct="root" exe="/usr/bin/sudo" hostname=? addr=? terminal=/dev/pts/0 res=success'
[  268.216910] audit: type=1105 audit(1656738508.515:103): pid=2566 uid=1000 auid=1000 ses=3 msg='op=PAM:session_open grantors=pam_systemd_home,pam_limits,pam_unix,pam_permit acct="root" exe="/usr/bin/sudo" hostname=? addr=? terminal=/dev/pts/0 res=success'
[  268.232814] audit: type=1106 audit(1656738508.530:104): pid=2566 uid=1000 auid=1000 ses=3 msg='op=PAM:session_close grantors=pam_systemd_home,pam_limits,pam_unix,pam_permit acct="root" exe="/usr/bin/sudo" hostname=? addr=? terminal=/dev/pts/0 res=success'
[  268.232886] audit: type=1104 audit(1656738508.531:105): pid=2566 uid=1000 auid=1000 ses=3 msg='op=PAM:setcred grantors=pam_faillock,pam_permit,pam_env,pam_faillock acct="root" exe="/usr/bin/sudo" hostname=? addr=? terminal=/dev/pts/0 res=success'
[  341.300423] audit: type=1101 audit(1656738581.600:106): pid=3012 uid=1000 auid=1000 ses=3 msg='op=PAM:accounting grantors=pam_unix,pam_permit,pam_time acct="manfred" exe="/usr/bin/sudo" hostname=? addr=? terminal=/dev/pts/0 res=success'
[  341.301241] audit: type=1110 audit(1656738581.601:107): pid=3012 uid=1000 auid=1000 ses=3 msg='op=PAM:setcred grantors=pam_faillock,pam_permit,pam_env,pam_faillock acct="root" exe="/usr/bin/sudo" hostname=? addr=? terminal=/dev/pts/0 res=success'
[  341.301407] audit: type=1105 audit(1656738581.601:108): pid=3012 uid=1000 auid=1000 ses=3 msg='op=PAM:session_open grantors=pam_systemd_home,pam_limits,pam_unix,pam_permit acct="root" exe="/usr/bin/sudo" hostname=? addr=? terminal=/dev/pts/0 res=success'
